INFO: creating /home/jmiao/2024WW03/results directory
INFO: Filtering testscenarios based on gnr capabilities
awk: cmd. line:1: warning: regexp escape sequence `\&' is not a known regexp operator
If some fields are empty or look unusual you may have an old version.
Compare to the current minimal requirements in Documentation/Changes.

/etc/lsb-release
/etc/os-release
DISTRIB_ID=Ubuntu
DISTRIB_RELEASE=21.10
DISTRIB_CODENAME=impish
DISTRIB_DESCRIPTION="Ubuntu 21.10"
PRETTY_NAME="Ubuntu 21.10"
NAME="Ubuntu"
VERSION_ID="21.10"
VERSION="21.10 (Impish Indri)"
VERSION_CODENAME=impish
ID=ubuntu
ID_LIKE=debian
HOME_URL="https://www.ubuntu.com/"
SUPPORT_URL="https://help.ubuntu.com/"
BUG_REPORT_URL="https://bugs.launchpad.net/ubuntu/"
PRIVACY_POLICY_URL="https://www.ubuntu.com/legal/terms-and-policies/privacy-policy"
UBUNTU_CODENAME=impish

uname:
Linux ubuntu 5.13.0-52-generic #59-Ubuntu SMP Wed Jun 15 20:17:13 UTC 2022 x86_64 x86_64 x86_64 GNU/Linux

/proc/cmdline
BOOT_IMAGE=/boot/vmlinuz-5.13.0-52-generic root=UUID=26e7f5eb-842d-4368-be1b-f3130092b099 ro quiet splash dis_ucode_ldr vt.handoff=7

Gnu C                  gcc (Ubuntu 11.2.0-7ubuntu2) 11.2.0
Clang                  clang version 15.0.0 (https://github.com/llvm/llvm-project.git 4a368136693ba9c4e827702e9d390280c3d5e7ac)
Gnu make               4.3
util-linux             2.36.1
mount                  linux 2.36.1 (libmount 2.36.1: selinux, smack, btrfs, namespaces, assert, debug)
modutils               28
e2fsprogs              1.46.3
PPP                    2.4.9
Linux C Library        gnu/libc.so.6
Dynamic linker (ldd)   2.34
Procps                 3.3.17
Net-tools              2.10-alpha
iproute2               0.4.0
iputils                2.0
ethtool                5.9
Sh-utils               8.32
Modules Loaded         xt_conntrack nft_chain_nat xt_MASQUERADE nf_nat nf_conntrack_netlink nf_conntrack nf_defrag_ipv6 nf_defrag_ipv4 xfrm_user xfrm_algo nft_counter xt_addrtype nft_compat nf_tables libcrc32c nfnetlink br_netfilter bridge stp llc rfcomm cmac algif_hash algif_skcipher af_alg overlay bnep snd_sof_pci_intel_tgl snd_sof_intel_hda_common soundwire_intel soundwire_generic_allocation soundwire_cadence snd_sof_intel_hda snd_sof_pci snd_sof_xtensa_dsp snd_hda_codec_hdmi snd_sof snd_soc_hdac_hda snd_hda_ext_core snd_soc_acpi_intel_match snd_soc_acpi soundwire_bus ledtrig_audio binfmt_misc snd_soc_core snd_compress intel_rapl_msr ac97_bus nls_iso8859_1 ath10k_pci mei_hdcp snd_pcm_dmaengine intel_rapl_common ath10k_core x86_pkg_temp_thermal snd_hda_intel intel_powerclamp snd_intel_dspcfg snd_intel_sdw_acpi ath snd_hda_codec kvm_intel snd_usb_audio snd_hda_core btusb snd_usbmidi_lib snd_hwdep btrtl i915 mac80211 kvm snd_seq_midi btbcm snd_seq_midi_event btintel crct10dif_pclmul snd_seq snd_rawmidi ghash_clmulni_intel bluetooth cfg80211 aesni_intel drm_kms_helper snd_seq_device mc cec dell_wmi snd_pcm crypto_simd dell_smbios cryptd dcdbas rc_core ecdh_generic joydev input_leds snd_timer ee1004 intel_cstate ecc libarc4 i2c_algo_bit efi_pstore snd fb_sys_fops mei_me syscopyarea sysfillrect sysimgblt soundcore mei sparse_keymap dell_wmi_descriptor dell_wmi_sysman wmi_bmof mac_hid acpi_pad acpi_tad sch_fq_codel coretemp ipmi_devintf ipmi_msghandler msr parport_pc ppdev lp parport drm ip_tables x_tables autofs4 hid_generic usbhid hid i2c_i801 crc32_pclmul i2c_smbus intel_lpss_pci r8169 nvme ahci xhci_pci intel_lpss nvme_core realtek libahci xhci_pci_renesas idma64 wmi video

free reports:
               total        used        free      shared  buff/cache   available
Mem:        16105812     1867284      403996      267916    13834532    13628488
Swap:        2097148      805184     1291964

cpuinfo:
Architecture:                    x86_64
CPU op-mode(s):                  32-bit, 64-bit
Byte Order:                      Little Endian
Address sizes:                   39 bits physical, 48 bits virtual
CPU(s):                          12
On-line CPU(s) list:             0-11
Thread(s) per core:              2
Core(s) per socket:              6
Socket(s):                       1
NUMA node(s):                    1
Vendor ID:                       GenuineIntel
CPU family:                      6
Model:                           167
Model name:                      11th Gen Intel(R) Core(TM) i5-11400 @ 2.60GHz
Stepping:                        1
CPU MHz:                         2600.000
CPU max MHz:                     4400.0000
CPU min MHz:                     800.0000
BogoMIPS:                        5184.00
Virtualization:                  VT-x
L1d cache:                       288 KiB
L1i cache:                       192 KiB
L2 cache:                        3 MiB
L3 cache:                        12 MiB
NUMA node0 CPU(s):               0-11
Vulnerability Itlb multihit:     Not affected
Vulnerability L1tf:              Not affected
Vulnerability Mds:               Not affected
Vulnerability Meltdown:          Not affected
Vulnerability Mmio stale data:   Vulnerable: Clear CPU buffers attempted, no microcode; SMT vulnerable
Vulnerability Spec store bypass: Mitigation; Speculative Store Bypass disabled via prctl and seccomp
Vulnerability Spectre v1:        Mitigation; usercopy/swapgs barriers and __user pointer sanitization
Vulnerability Spectre v2:        Mitigation; Enhanced IBRS, IBPB conditional, RSB filling
Vulnerability Srbds:             Not affected
Vulnerability Tsx async abort:   Not affected
Flags:                           fpu vme de pse tsc msr pae mce cx8 apic sep mtrr pge mca cmov pat pse36 clflush dts acpi mmx fxsr sse sse2 ss ht tm pbe syscall nx pdpe1gb rdtscp lm constant_tsc art arch_perfmon pebs bts rep_good nopl xtopology nonstop_tsc cpuid aperfmperf tsc_known_freq pni pclmulqdq dtes64 monitor ds_cpl vmx est tm2 ssse3 sdbg fma cx16 xtpr pdcm pcid sse4_1 sse4_2 x2apic movbe popcnt tsc_deadline_timer aes xsave avx f16c rdrand lahf_lm abm 3dnowprefetch cpuid_fault epb invpcid_single ssbd ibrs ibpb stibp ibrs_enhanced tpr_shadow vnmi flexpriority ept vpid ept_ad fsgsbase tsc_adjust bmi1 avx2 smep bmi2 erms invpcid mpx avx512f avx512dq rdseed adx smap avx512ifma clflushopt intel_pt avx512cd sha_ni avx512bw avx512vl xsaveopt xsavec xgetbv1 xsaves dtherm ida arat pln pts hwp hwp_notify hwp_act_window hwp_epp hwp_pkg_req avx512vbmi umip pku ospke avx512_vbmi2 gfni vaes vpclmulqdq avx512_vnni avx512_bitalg avx512_vpopcntdq rdpid fsrm md_clear flush_l1d arch_capabilities

AppArmor enabled
apparmor module is loaded.
40 profiles are loaded.
38 profiles are in enforce mode.
   /snap/core/11743/usr/lib/snapd/snap-confine
   /snap/core/11743/usr/lib/snapd/snap-confine//mount-namespace-capture-helper
   /usr/bin/evince
   /usr/bin/evince-previewer
   /usr/bin/evince-previewer//sanitized_helper
   /usr/bin/evince-thumbnailer
   /usr/bin/evince//sanitized_helper
   /usr/bin/man
   /usr/lib/NetworkManager/nm-dhcp-client.action
   /usr/lib/NetworkManager/nm-dhcp-helper
   /usr/lib/connman/scripts/dhclient-script
   /usr/lib/cups/backend/cups-pdf
   /usr/lib/snapd/snap-confine
   /usr/lib/snapd/snap-confine//mount-namespace-capture-helper
   /usr/sbin/cups-browsed
   /usr/sbin/cupsd
   /usr/sbin/cupsd//third_party
   /{,usr/}sbin/dhclient
   docker-default
   libreoffice-senddoc
   libreoffice-soffice//gpg
   libreoffice-xpdfimport
   lsb_release
   man_filter
   man_groff
   nvidia_modprobe
   nvidia_modprobe//kmod
   snap-update-ns.core
   snap-update-ns.firefox
   snap-update-ns.snap-store
   snap.core.hook.configure
   snap.firefox.firefox
   snap.firefox.hook.configure
   snap.snap-store.hook.configure
   snap.snap-store.snap-store
   snap.snap-store.ubuntu-software
   snap.snap-store.ubuntu-software-local-file
   tcpdump
2 profiles are in complain mode.
   libreoffice-oosplash
   libreoffice-soffice
0 profiles are in kill mode.
0 profiles are in unconfined mode.
3 processes have profiles defined.
3 processes are in enforce mode.
   /usr/sbin/cups-browsed (1002851) 
   /usr/sbin/cupsd (1002849) 
   /snap/snap-store/557/usr/bin/snap-store (2090) snap.snap-store.ubuntu-software
0 processes are in complain mode.
0 processes are unconfined but have a profile defined.
0 processes are in mixed mode.
0 processes are in kill mode.

SELinux mode: unknown
no big block device was specified on commandline.
Tests which require a big block device are disabled.
You can specify it with option -z
COMMAND:    /home/jmiao/2024WW03/bin/ltp-pan   -e -S   -a 1017957     -n 1017957 -p -f /tmp/ltp-ss7bf8iZuI/alltests -l /tmp/tmp.dRX55C5ZBQ  -C /home/jmiao/2024WW03/output/LTP_RUN_ON-tmp.dRX55C5ZBQ.failed -T /home/jmiao/2024WW03/output/LTP_RUN_ON-tmp.dRX55C5ZBQ.tconf 
LOG File: /tmp/tmp.dRX55C5ZBQ
FAILED COMMAND File: /home/jmiao/2024WW03/output/LTP_RUN_ON-tmp.dRX55C5ZBQ.failed
TCONF COMMAND File: /home/jmiao/2024WW03/output/LTP_RUN_ON-tmp.dRX55C5ZBQ.tconf
Running tests.......
<<<test_start>>>
tag=TDX_XS_FUNC_GUEST_LAZY_ACCEPT_VMSTAT stime=1708408594
cmdline="tdx_guest_func.sh -t LAZY_ACCEPT_VMSTAT"
contacts=""
analysis=exit
<<<test_output>>>
|0220_135634.188|TRACE|Start TDX guest lazy_accept vmstat checking:|
/home/jmiao/2024WW03/testcases/bin/ddt_intel/tdx/tdx_guest_func.sh: line 60: yum: command not found
/home/jmiao/2024WW03/testcases/bin/ddt_intel/tdx/tdx_guest_func.sh: line 62: yum: command not found
stress: error: (194) unrecognized option: --vm-keep
kill: usage: kill [-s sigspec | -n signum | -sigspec] pid | jobspec ... or kill -l [sigspec]
|0220_135637.197|ERROR| common.sh:212:die() - FATAL: die() is called by tdx_guest_func.sh:73:main()|
|0220_135637.197|ERROR| common.sh:213:die() - FATAL: TDX guest lazy_accept vmstat test FAILED. Please make sure this TC executed once TDX guest bootup.|
Cleaning actions
<<<execution_status>>>
initiation_status="ok"
duration=3 termination_type=exited termination_id=1 corefile=no
cutime=1 cstime=0
<<<test_end>>>
<<<test_start>>>
tag=TDX_XS_FUNC_GUEST_LAZY_ACCEPT_MEMINFO stime=1708408597
cmdline="tdx_guest_func.sh -t LAZY_ACCEPT_MEMINFO"
contacts=""
analysis=exit
<<<test_output>>>
|0220_135637.205|TRACE|Start TDX guest lazy_accept meminfo checking:|
vmstat: ; meminfo= 
|0220_135637.208|TRACE|TDX guest lazy_accept meminfo test PASS|
Cleaning actions
<<<execution_status>>>
initiation_status="ok"
duration=0 termination_type=exited termination_id=0 corefile=no
cutime=1 cstime=0
<<<test_end>>>
<<<test_start>>>
tag=TDX_XS_FUNC_GUEST_LAZY_ACCEPT_NEG stime=1708408597
cmdline="tdx_guest_func.sh -t LAZY_ACCEPT_NEG"
contacts=""
analysis=exit
<<<test_output>>>
|0220_135637.215|TRACE|Start TDX guest lazy_accept disable checking:|
|0220_135637.217|TRACE|TDX guest lazy_accept disable test PASS|
|0220_135637.217|TRACE|Save full bootup dmesg.|
[    0.000000] Linux version 5.13.0-52-generic (buildd@lcy02-amd64-046) (gcc (Ubuntu 11.2.0-7ubuntu2) 11.2.0, GNU ld (GNU Binutils for Ubuntu) 2.37) #59-Ubuntu SMP Wed Jun 15 20:17:13 UTC 2022 (Ubuntu 5.13.0-52.59-generic 5.13.19)
[    0.000000] Command line: BOOT_IMAGE=/boot/vmlinuz-5.13.0-52-generic root=UUID=26e7f5eb-842d-4368-be1b-f3130092b099 ro quiet splash dis_ucode_ldr vt.handoff=7
[    0.000000] KERNEL supported cpus:
[    0.000000]   Intel GenuineIntel
[    0.000000]   AMD AuthenticAMD
[    0.000000]   Hygon HygonGenuine
[    0.000000]   Centaur CentaurHauls
[    0.000000]   zhaoxin   Shanghai  
[    0.000000] x86/fpu: Supporting XSAVE feature 0x001: 'x87 floating point registers'
[    0.000000] x86/fpu: Supporting XSAVE feature 0x002: 'SSE registers'
[    0.000000] x86/fpu: Supporting XSAVE feature 0x004: 'AVX registers'
[    0.000000] x86/fpu: Supporting XSAVE feature 0x008: 'MPX bounds registers'
[    0.000000] x86/fpu: Supporting XSAVE feature 0x010: 'MPX CSR'
[    0.000000] x86/fpu: Supporting XSAVE feature 0x020: 'AVX-512 opmask'
[    0.000000] x86/fpu: Supporting XSAVE feature 0x040: 'AVX-512 Hi256'
[    0.000000] x86/fpu: Supporting XSAVE feature 0x080: 'AVX-512 ZMM_Hi256'
[    0.000000] x86/fpu: Supporting XSAVE feature 0x200: 'Protection Keys User registers'
[    0.000000] x86/fpu: xstate_offset[2]:  576, xstate_sizes[2]:  256
[    0.000000] x86/fpu: xstate_offset[3]:  832, xstate_sizes[3]:   64
[    0.000000] x86/fpu: xstate_offset[4]:  896, xstate_sizes[4]:   64
[    0.000000] x86/fpu: xstate_offset[5]:  960, xstate_sizes[5]:   64
[    0.000000] x86/fpu: xstate_offset[6]: 1024, xstate_sizes[6]:  512
[    0.000000] x86/fpu: xstate_offset[7]: 1536, xstate_sizes[7]: 1024
[    0.000000] x86/fpu: xstate_offset[9]: 2560, xstate_sizes[9]:    8
[    0.000000] x86/fpu: Enabled xstate features 0x2ff, context size is 2568 bytes, using 'compacted' format.
[    0.000000] BIOS-provided physical RAM map:
[    0.000000] BIOS-e820: [mem 0x0000000000000000-0x000000000009efff] usable
[    0.000000] BIOS-e820: [mem 0x000000000009f000-0x00000000000fffff] reserved
[    0.000000] BIOS-e820: [mem 0x0000000000100000-0x000000005f571fff] usable
[    0.000000] BIOS-e820: [mem 0x000000005f572000-0x0000000063510fff] reserved
[    0.000000] BIOS-e820: [mem 0x0000000063511000-0x0000000063d71fff] ACPI NVS
[    0.000000] BIOS-e820: [mem 0x0000000063d72000-0x0000000063ffefff] ACPI data
[    0.000000] BIOS-e820: [mem 0x0000000063fff000-0x0000000063ffffff] usable
[    0.000000] BIOS-e820: [mem 0x0000000064000000-0x0000000067ffffff] reserved
[    0.000000] BIOS-e820: [mem 0x0000000068200000-0x00000000683fffff] reserved
[    0.000000] BIOS-e820: [mem 0x0000000068c00000-0x00000000707fffff] reserved
[    0.000000] BIOS-e820: [mem 0x00000000e0000000-0x00000000efffffff] reserved
[    0.000000] BIOS-e820: [mem 0x00000000fed20000-0x00000000fed7ffff] reserved
[    0.000000] BIOS-e820: [mem 0x00000000ff000000-0x00000000ffffffff] reserved
[    0.000000] BIOS-e820: [mem 0x0000000100000000-0x000000048f7fffff] usable
[    0.000000] NX (Execute Disable) protection: active
[    0.000000] efi: EFI v2.70 by Dell
[    0.000000] efi: ACPI=0x63ffe000 ACPI 2.0=0x63ffe014 SMBIOS=0x5fe21000 TPMFinalLog=0x63cca000 ESRT=0x5fdd4a98 MEMATTR=0x58773018 MOKvar=0x5aa7f000 RNG=0x5fd93998 TPMEventLog=0x5aa74018 
[    0.000000] efi: seeding entropy pool
[    0.000000] random: fast init done
[    0.000000] secureboot: Secure boot disabled
[    0.000000] SMBIOS 3.2 present.
[    0.000000] DMI: Dell Inc. Vostro 3690/0MJF5P, BIOS 1.0.17 08/16/2021
[    0.000000] tsc: Detected 2600.000 MHz processor
[    0.000000] tsc: Detected 2592.000 MHz TSC
[    0.000004] e820: update [mem 0x00000000-0x00000fff] usable ==> reserved
[    0.000005] e820: remove [mem 0x000a0000-0x000fffff] usable
[    0.000008] last_pfn = 0x48f800 max_arch_pfn = 0x400000000
[    0.000120] x86/PAT: Configuration [0-7]: WB  WC  UC- UC  WB  WP  UC- WT  
[    0.000818] last_pfn = 0x64000 max_arch_pfn = 0x400000000
[    0.008458] esrt: Reserving ESRT space from 0x000000005fdd4a98 to 0x000000005fdd4b20.
[    0.008463] e820: update [mem 0x5aa7f000-0x5aa7ffff] usable ==> reserved
[    0.008476] Using GB pages for direct mapping
[    0.008588] secureboot: Secure boot disabled
[    0.008588] RAMDISK: [mem 0x3d692000-0x3fffdfff]
[    0.008591] ACPI: Early table checksum verification disabled
[    0.008593] ACPI: RSDP 0x0000000063FFE014 000024 (v02 DELL  )
[    0.008596] ACPI: XSDT 0x0000000063F88188 0000EC (v01 DELL   Dell Inc 00000002      01000013)
[    0.008600] ACPI: FACP 0x0000000063FF8000 000114 (v06 DELL   Dell Inc 00000002      01000013)
[    0.008603] ACPI: DSDT 0x0000000063F9D000 0570D8 (v02 DELL   Dell Inc 00000002      01000013)
[    0.008605] ACPI: FACS 0x0000000063CFB000 000040
[    0.008607] ACPI: SSDT 0x0000000063FFC000 000A5C (v02 DELL   SFF_Dell 00000000 INTL 20180209)
[    0.008609] ACPI: SSDT 0x0000000063FF9000 002542 (v02 CpuRef CpuSsdt  00003000 INTL 20180209)
[    0.008611] ACPI: HPET 0x0000000063FF7000 000038 (v01 DELL   Dell Inc 00000002      01000013)
[    0.008613] ACPI: APIC 0x0000000063FF6000 000164 (v04 DELL   Dell Inc 00000002      01000013)
[    0.008615] ACPI: MCFG 0x0000000063FF5000 00003C (v01 DELL   Dell Inc 00000002      01000013)
[    0.008617] ACPI: SSDT 0x0000000063F9C000 000A6B (v02 DELL   DellRtd3 00001000 INTL 20180209)
[    0.008619] ACPI: NHLT 0x0000000063F9B000 00002D (v00 DELL   Dell Inc 00000002      01000013)
[    0.008621] ACPI: SSDT 0x0000000063F96000 004478 (v02 SaSsdt SaSsdt   00003000 INTL 20180209)
[    0.008623] ACPI: SSDT 0x0000000063F94000 001226 (v02 INTEL  IgfxSsdt 00003000 INTL 20180209)
[    0.008625] ACPI: SSDT 0x0000000063F93000 000CAF (v02 DELL   UsbCTabl 00001000 INTL 20180209)
[    0.008627] ACPI: LPIT 0x0000000063F92000 0000CC (v01 DELL   Dell Inc 00000002      01000013)
[    0.008629] ACPI: SSDT 0x0000000063F91000 000B75 (v02 DELL   PtidDevc 00001000 INTL 20180209)
[    0.008631] ACPI: SSDT 0x0000000063F90000 000B5C (v02 DELL   TbtTypeC 00000000 INTL 20180209)
[    0.008633] ACPI: DBGP 0x0000000063F8F000 000034 (v01 DELL   Dell Inc 00000002      01000013)
[    0.008634] ACPI: DBG2 0x0000000063F8E000 000054 (v00 DELL   Dell Inc 00000002      01000013)
[    0.008636] ACPI: BOOT 0x0000000063F8D000 000028 (v01 DELL   CBX3     00000002      01000013)
[    0.008638] ACPI: SSDT 0x0000000063F8C000 00060E (v02 DELL   Tpm2Tabl 00001000 INTL 20180209)
[    0.008640] ACPI: TPM2 0x0000000063F8B000 00004C (v04 DELL   Dell Inc 00000002      01000013)
[    0.008642] ACPI: MSDM 0x0000000063F8A000 000055 (v03 DELL   CBX3     06222004 AMI  00010013)
[    0.008644] ACPI: DMAR 0x0000000063F89000 000088 (v02 INTEL  Dell Inc 00000002      01000013)
[    0.008646] ACPI: SSDT 0x0000000063FFD000 000144 (v02 Intel  ADebTabl 00001000 INTL 20180209)
[    0.008648] ACPI: PTDT 0x0000000063F87000 000D36 (v00 DELL   Dell Inc 00000005 MSFT 0100000D)
[    0.008650] ACPI: BGRT 0x0000000063F86000 000038 (v01 DELL   Dell Inc 00000002      01000013)
[    0.008652] ACPI: FPDT 0x0000000063F85000 000034 (v01 DELL   Dell Inc 00000002      01000013)
[    0.008653] ACPI: Reserving FACP table memory at [mem 0x63ff8000-0x63ff8113]
[    0.008654] ACPI: Reserving DSDT table memory at [mem 0x63f9d000-0x63ff40d7]
[    0.008655] ACPI: Reserving FACS table memory at [mem 0x63cfb000-0x63cfb03f]
[    0.008655] ACPI: Reserving SSDT table memory at [mem 0x63ffc000-0x63ffca5b]
[    0.008656] ACPI: Reserving SSDT table memory at [mem 0x63ff9000-0x63ffb541]
[    0.008656] ACPI: Reserving HPET table memory at [mem 0x63ff7000-0x63ff7037]
[    0.008657] ACPI: Reserving APIC table memory at [mem 0x63ff6000-0x63ff6163]
[    0.008657] ACPI: Reserving MCFG table memory at [mem 0x63ff5000-0x63ff503b]
[    0.008658] ACPI: Reserving SSDT table memory at [mem 0x63f9c000-0x63f9ca6a]
[    0.008659] ACPI: Reserving NHLT table memory at [mem 0x63f9b000-0x63f9b02c]
[    0.008659] ACPI: Reserving SSDT table memory at [mem 0x63f96000-0x63f9a477]
[    0.008660] ACPI: Reserving SSDT table memory at [mem 0x63f94000-0x63f95225]
[    0.008660] ACPI: Reserving SSDT table memory at [mem 0x63f93000-0x63f93cae]
[    0.008661] ACPI: Reserving LPIT table memory at [mem 0x63f92000-0x63f920cb]
[    0.008661] ACPI: Reserving SSDT table memory at [mem 0x63f91000-0x63f91b74]
[    0.008662] ACPI: Reserving SSDT table memory at [mem 0x63f90000-0x63f90b5b]
[    0.008662] ACPI: Reserving DBGP table memory at [mem 0x63f8f000-0x63f8f033]
[    0.008663] ACPI: Reserving DBG2 table memory at [mem 0x63f8e000-0x63f8e053]
[    0.008663] ACPI: Reserving BOOT table memory at [mem 0x63f8d000-0x63f8d027]
[    0.008664] ACPI: Reserving SSDT table memory at [mem 0x63f8c000-0x63f8c60d]
[    0.008664] ACPI: Reserving TPM2 table memory at [mem 0x63f8b000-0x63f8b04b]
[    0.008665] ACPI: Reserving MSDM table memory at [mem 0x63f8a000-0x63f8a054]
[    0.008665] ACPI: Reserving DMAR table memory at [mem 0x63f89000-0x63f89087]
[    0.008666] ACPI: Reserving SSDT table memory at [mem 0x63ffd000-0x63ffd143]
[    0.008666] ACPI: Reserving PTDT table memory at [mem 0x63f87000-0x63f87d35]
[    0.008667] ACPI: Reserving BGRT table memory at [mem 0x63f86000-0x63f86037]
[    0.008667] ACPI: Reserving FPDT table memory at [mem 0x63f85000-0x63f85033]
[    0.008683] ACPI: Local APIC address 0xfee00000
[    0.008832] No NUMA configuration found
[    0.008832] Faking a node at [mem 0x0000000000000000-0x000000048f7fffff]
[    0.008837] NODE_DATA(0) allocated [mem 0x48f7d6000-0x48f7fffff]
[    0.009032] Zone ranges:
[    0.009033]   DMA      [mem 0x0000000000001000-0x0000000000ffffff]
[    0.009034]   DMA32    [mem 0x0000000001000000-0x00000000ffffffff]
[    0.009035]   Normal   [mem 0x0000000100000000-0x000000048f7fffff]
[    0.009036]   Device   empty
[    0.009036] Movable zone start for each node
[    0.009038] Early memory node ranges
[    0.009038]   node   0: [mem 0x0000000000001000-0x000000000009efff]
[    0.009039]   node   0: [mem 0x0000000000100000-0x000000005f571fff]
[    0.009039]   node   0: [mem 0x0000000063fff000-0x0000000063ffffff]
[    0.009040]   node   0: [mem 0x0000000100000000-0x000000048f7fffff]
[    0.009041] Initmem setup node 0 [mem 0x0000000000001000-0x000000048f7fffff]
[    0.009042] On node 0 totalpages: 4123921
[    0.009043]   DMA zone: 64 pages used for memmap
[    0.009043]   DMA zone: 158 pages reserved
[    0.009044]   DMA zone: 3998 pages, LIFO batch:0
[    0.009044]   DMA32 zone: 6038 pages used for memmap
[    0.009045]   DMA32 zone: 386419 pages, LIFO batch:63
[    0.009045]   Normal zone: 58336 pages used for memmap
[    0.009046]   Normal zone: 3733504 pages, LIFO batch:63
[    0.009047] On node 0, zone DMA: 1 pages in unavailable ranges
[    0.009067] On node 0, zone DMA: 97 pages in unavailable ranges
[    0.012192] On node 0, zone DMA32: 19085 pages in unavailable ranges
[    0.041420] On node 0, zone Normal: 16384 pages in unavailable ranges
[    0.041434] On node 0, zone Normal: 2048 pages in unavailable ranges
[    0.041453] Reserving Intel graphics memory at [mem 0x6c800000-0x707fffff]
[    0.041769] ACPI: PM-Timer IO Port: 0x1808
[    0.041770] ACPI: Local APIC address 0xfee00000
[    0.041775] ACPI: LAPIC_NMI (acpi_id[0x01] high edge lint[0x1])
[    0.041776] ACPI: LAPIC_NMI (acpi_id[0x02] high edge lint[0x1])
[    0.041776] ACPI: LAPIC_NMI (acpi_id[0x03] high edge lint[0x1])
[    0.041777] ACPI: LAPIC_NMI (acpi_id[0x04] high edge lint[0x1])
[    0.041777] ACPI: LAPIC_NMI (acpi_id[0x05] high edge lint[0x1])
[    0.041777] ACPI: LAPIC_NMI (acpi_id[0x06] high edge lint[0x1])
[    0.041778] ACPI: LAPIC_NMI (acpi_id[0x07] high edge lint[0x1])
[    0.041778] ACPI: LAPIC_NMI (acpi_id[0x08] high edge lint[0x1])
[    0.041779] ACPI: LAPIC_NMI (acpi_id[0x09] high edge lint[0x1])
[    0.041779] ACPI: LAPIC_NMI (acpi_id[0x0a] high edge lint[0x1])
[    0.041780] ACPI: LAPIC_NMI (acpi_id[0x0b] high edge lint[0x1])
[    0.041780] ACPI: LAPIC_NMI (acpi_id[0x0c] high edge lint[0x1])
[    0.041780] ACPI: LAPIC_NMI (acpi_id[0x0d] high edge lint[0x1])
[    0.041781] ACPI: LAPIC_NMI (acpi_id[0x0e] high edge lint[0x1])
[    0.041781] ACPI: LAPIC_NMI (acpi_id[0x0f] high edge lint[0x1])
[    0.041782] ACPI: LAPIC_NMI (acpi_id[0x10] high edge lint[0x1])
[    0.041782] ACPI: LAPIC_NMI (acpi_id[0x11] high edge lint[0x1])
[    0.041782] ACPI: LAPIC_NMI (acpi_id[0x12] high edge lint[0x1])
[    0.041783] ACPI: LAPIC_NMI (acpi_id[0x13] high edge lint[0x1])
[    0.041783] ACPI: LAPIC_NMI (acpi_id[0x14] high edge lint[0x1])
[    0.041819] IOAPIC[0]: apic_id 2, version 32, address 0xfec00000, GSI 0-119
[    0.041820] ACPI: INT_SRC_OVR (bus 0 bus_irq 0 global_irq 2 dfl dfl)
[    0.041821] ACPI: INT_SRC_OVR (bus 0 bus_irq 9 global_irq 9 high level)
[    0.041823] ACPI: IRQ0 used by override.
[    0.041824] ACPI: IRQ9 used by override.
[    0.041825] Using ACPI (MADT) for SMP configuration information
[    0.041826] ACPI: HPET id: 0x8086a201 base: 0xfed00000
[    0.041831] e820: update [mem 0x5a725000-0x5a7adfff] usable ==> reserved
[    0.041835] TSC deadline timer available
[    0.041836] smpboot: Allowing 12 CPUs, 0 hotplug CPUs
[    0.041845] PM: hibernation: Registered nosave memory: [mem 0x00000000-0x00000fff]
[    0.041846] PM: hibernation: Registered nosave memory: [mem 0x0009f000-0x000fffff]
[    0.041847] PM: hibernation: Registered nosave memory: [mem 0x5a725000-0x5a7adfff]
[    0.041848] PM: hibernation: Registered nosave memory: [mem 0x5aa7f000-0x5aa7ffff]
[    0.041849] PM: hibernation: Registered nosave memory: [mem 0x5f572000-0x63510fff]
[    0.041849] PM: hibernation: Registered nosave memory: [mem 0x63511000-0x63d71fff]
[    0.041850] PM: hibernation: Registered nosave memory: [mem 0x63d72000-0x63ffefff]
[    0.041851] PM: hibernation: Registered nosave memory: [mem 0x64000000-0x67ffffff]
[    0.041851] PM: hibernation: Registered nosave memory: [mem 0x68000000-0x681fffff]
[    0.041852] PM: hibernation: Registered nosave memory: [mem 0x68200000-0x683fffff]
[    0.041852] PM: hibernation: Registered nosave memory: [mem 0x68400000-0x68bfffff]
[    0.041852] PM: hibernation: Registered nosave memory: [mem 0x68c00000-0x707fffff]
[    0.041853] PM: hibernation: Registered nosave memory: [mem 0x70800000-0xdfffffff]
[    0.041853] PM: hibernation: Registered nosave memory: [mem 0xe0000000-0xefffffff]
[    0.041854] PM: hibernation: Registered nosave memory: [mem 0xf0000000-0xfed1ffff]
[    0.041854] PM: hibernation: Registered nosave memory: [mem 0xfed20000-0xfed7ffff]
[    0.041854] PM: hibernation: Registered nosave memory: [mem 0xfed80000-0xfeffffff]
[    0.041855] PM: hibernation: Registered nosave memory: [mem 0xff000000-0xffffffff]
[    0.041855] [mem 0x70800000-0xdfffffff] available for PCI devices
[    0.041856] Booting paravirtualized kernel on bare hardware
[    0.041858] clocksource: refined-jiffies: mask: 0xffffffff max_cycles: 0xffffffff, max_idle_ns: 7645519600211568 ns
[    0.041862] setup_percpu: NR_CPUS:8192 nr_cpumask_bits:12 nr_cpu_ids:12 nr_node_ids:1
[    0.042326] percpu: Embedded 65 pages/cpu s229376 r8192 d28672 u524288
[    0.042330] pcpu-alloc: s229376 r8192 d28672 u524288 alloc=1*2097152
[    0.042332] pcpu-alloc: [0] 00 01 02 03 [0] 04 05 06 07 
[    0.042335] pcpu-alloc: [0] 08 09 10 11 
[    0.042350] Built 1 zonelists, mobility grouping on.  Total pages: 4059325
[    0.042351] Policy zone: Normal
[    0.042352] Kernel command line: BOOT_IMAGE=/boot/vmlinuz-5.13.0-52-generic root=UUID=26e7f5eb-842d-4368-be1b-f3130092b099 ro quiet splash dis_ucode_ldr vt.handoff=7
[    0.043188] Dentry cache hash table entries: 2097152 (order: 12, 16777216 bytes, linear)
[    0.043593] Inode-cache hash table entries: 1048576 (order: 11, 8388608 bytes, linear)
[    0.043681] mem auto-init: stack:off, heap alloc:on, heap free:off
[    0.081196] Memory: 15944136K/16495684K available (16393K kernel code, 3512K rwdata, 10520K rodata, 2892K init, 5732K bss, 551288K reserved, 0K cma-reserved)
[    0.081200] random: get_random_u64 called from kmem_cache_open+0x25/0x2f0 with crng_init=1
[    0.081266] SLUB: HWalign=64, Order=0-3, MinObjects=0, CPUs=12, Nodes=1
[    0.081274] ftrace: allocating 49792 entries in 195 pages
[    0.091180] ftrace: allocated 195 pages with 4 groups
[    0.091257] rcu: Hierarchical RCU implementation.
[    0.091259] rcu: 	RCU restricting CPUs from NR_CPUS=8192 to nr_cpu_ids=12.
[    0.091260] 	Rude variant of Tasks RCU enabled.
[    0.091260] 	Tracing variant of Tasks RCU enabled.
[    0.091261] rcu: RCU calculated value of scheduler-enlistment delay is 25 jiffies.
[    0.091261] rcu: Adjusting geometry for rcu_fanout_leaf=16, nr_cpu_ids=12
[    0.093334] NR_IRQS: 524544, nr_irqs: 2152, preallocated irqs: 16
[    0.093753] random: crng done (trusting CPU's manufacturer)
[    0.093769] vt handoff: transparent VT on vt#7
[    0.093772] Console: colour dummy device 80x25
[    0.093779] printk: console [tty0] enabled
[    0.093790] ACPI: Core revision 20210331
[    0.093960] hpet: HPET dysfunctional in PC10. Force disabled.
[    0.093961] APIC: Switch to symmetric I/O mode setup
[    0.093962] DMAR: Host address width 39
[    0.093962] DMAR: DRHD base: 0x000000fed90000 flags: 0x0
[    0.093966] DMAR: dmar0: reg_base_addr fed90000 ver 4:0 cap 1c0000c40660462 ecap 69e2ff0505e
[    0.093967] DMAR: DRHD base: 0x000000fed91000 flags: 0x1
[    0.093971] DMAR: dmar1: reg_base_addr fed91000 ver 1:0 cap d2008c40660462 ecap f050da
[    0.093972] DMAR: RMRR base: 0x0000006c000000 end: 0x000000707fffff
[    0.093974] DMAR-IR: IOAPIC id 2 under DRHD base  0xfed91000 IOMMU 1
[    0.093974] DMAR-IR: HPET id 0 under DRHD base 0xfed91000
[    0.093975] DMAR-IR: Queued invalidation will be enabled to support x2apic and Intr-remapping.
[    0.095613] DMAR-IR: Enabled IRQ remapping in x2apic mode
[    0.095614] x2apic enabled
[    0.095644] Switched APIC routing to cluster x2apic.
[    0.099676] clocksource: tsc-early: mask: 0xffffffffffffffff max_cycles: 0x255cb6cc5db, max_idle_ns: 440795203504 ns
[    0.099680] Calibrating delay loop (skipped), value calculated using timer frequency.. 5184.00 BogoMIPS (lpj=10368000)
[    0.099682] pid_max: default: 32768 minimum: 301
[    0.101552] LSM: Security Framework initializing
[    0.101558] Yama: becoming mindful.
[    0.101586] AppArmor: AppArmor initialized
[    0.101631] Mount-cache hash table entries: 32768 (order: 6, 262144 bytes, linear)
[    0.101664] Mountpoint-cache hash table entries: 32768 (order: 6, 262144 bytes, linear)
[    0.101817] CPU0: Thermal monitoring enabled (TM1)
[    0.101819] x86/cpu: User Mode Instruction Prevention (UMIP) activated
[    0.101874] process: using mwait in idle threads
[    0.101875] Last level iTLB entries: 4KB 0, 2MB 0, 4MB 0
[    0.101876] Last level dTLB entries: 4KB 0, 2MB 0, 4MB 0, 1GB 0
[    0.101878] Spectre V1 : Mitigation: usercopy/swapgs barriers and __user pointer sanitization
[    0.101879] Spectre V2 : Mitigation: Enhanced IBRS
[    0.101879] Spectre V2 : Spectre v2 / SpectreRSB mitigation: Filling RSB on context switch
[    0.101881] Spectre V2 : mitigation: Enabling conditional Indirect Branch Prediction Barrier
[    0.101881] Speculative Store Bypass: Mitigation: Speculative Store Bypass disabled via prctl and seccomp
[    0.101883] MMIO Stale Data: Vulnerable: Clear CPU buffers attempted, no microcode
[    0.103678] Freeing SMP alternatives memory: 40K
[    0.103678] smpboot: Estimated ratio of average max frequency by base frequency (times 1024): 1693
[    0.103678] smpboot: CPU0: 11th Gen Intel(R) Core(TM) i5-11400 @ 2.60GHz (family: 0x6, model: 0xa7, stepping: 0x1)
[    0.103678] Performance Events: PEBS fmt4+-baseline,  AnyThread deprecated, Icelake events, 32-deep LBR, full-width counters, Intel PMU driver.
[    0.103678] ... version:                5
[    0.103678] ... bit width:              48
[    0.103678] ... generic registers:      8
[    0.103678] ... value mask:             0000ffffffffffff
[    0.103678] ... max period:             00007fffffffffff
[    0.103678] ... fixed-purpose events:   4
[    0.103678] ... event mask:             0001000f000000ff
[    0.103678] rcu: Hierarchical SRCU implementation.
[    0.103678] NMI watchdog: Enabled. Permanently consumes one hw-PMU counter.
[    0.103678] smp: Bringing up secondary CPUs ...
[    0.103678] x86: Booting SMP configuration:
[    0.103678] .... node  #0, CPUs:        #1  #2  #3  #4  #5  #6
[    0.104256] MMIO Stale Data CPU bug present and SMT on, data leak possible. See https://www.kernel.org/doc/html/latest/admin-guide/hw-vuln/processor_mmio_stale_data.html for more details.
[    0.104256]   #7  #8  #9 #10 #11
[    0.104256] smp: Brought up 1 node, 12 CPUs
[    0.104256] smpboot: Max logical packages: 1
[    0.104256] smpboot: Total of 12 processors activated (62208.00 BogoMIPS)
[    0.108059] devtmpfs: initialized
[    0.108059] x86/mm: Memory block size: 128MB
[    0.108268] PM: Registering ACPI NVS region [mem 0x63511000-0x63d71fff] (8785920 bytes)
[    0.108268] clocksource: jiffies: mask: 0xffffffff max_cycles: 0xffffffff, max_idle_ns: 7645041785100000 ns
[    0.108268] futex hash table entries: 4096 (order: 6, 262144 bytes, linear)
[    0.108268] pinctrl core: initialized pinctrl subsystem
[    0.108268] PM: RTC time: 01:24:22, date: 2024-01-18
[    0.108268] NET: Registered protocol family 16
[    0.108289] DMA: preallocated 2048 KiB GFP_KERNEL pool for atomic allocations
[    0.108388] DMA: preallocated 2048 KiB GFP_KERNEL|GFP_DMA pool for atomic allocations
[    0.108487] DMA: preallocated 2048 KiB GFP_KERNEL|GFP_DMA32 pool for atomic allocations
[    0.108490] audit: initializing netlink subsys (disabled)
[    0.108494] audit: type=2000 audit(1705541062.008:1): state=initialized audit_enabled=0 res=1
[    0.108494] thermal_sys: Registered thermal governor 'fair_share'
[    0.108494] thermal_sys: Registered thermal governor 'bang_bang'
[    0.108494] thermal_sys: Registered thermal governor 'step_wise'
[    0.108494] thermal_sys: Registered thermal governor 'user_space'
[    0.108494] thermal_sys: Registered thermal governor 'power_allocator'
[    0.108494] EISA bus registered
[    0.108494] cpuidle: using governor ladder
[    0.108494] cpuidle: using governor menu
[    0.108494] Simple Boot Flag at 0x47 set to 0x80
[    0.108494] ACPI FADT declares the system doesn't support PCIe ASPM, so disable it
[    0.108494] ACPI: bus type PCI registered
[    0.108494] acpiphp: ACPI Hot Plug PCI Controller Driver version: 0.5
[    0.108494] PCI: MMCONFIG for domain 0000 [bus 00-ff] at [mem 0xe0000000-0xefffffff] (base 0xe0000000)
[    0.108494] PCI: MMCONFIG at [mem 0xe0000000-0xefffffff] reserved in E820
[    0.108494] PCI: Using configuration type 1 for base access
[    0.108494] ENERGY_PERF_BIAS: Set to 'normal', was 'performance'
[    0.108494] Kprobes globally optimized
[    0.108494] HugeTLB registered 1.00 GiB page size, pre-allocated 0 pages
[    0.108494] HugeTLB registered 2.00 MiB page size, pre-allocated 0 pages
[    0.108494] ACPI: Added _OSI(Module Device)
[    0.108494] ACPI: Added _OSI(Processor Device)
[    0.108494] ACPI: Added _OSI(3.0 _SCP Extensions)
[    0.108494] ACPI: Added _OSI(Processor Aggregator Device)
[    0.108494] ACPI: Added _OSI(Linux-Dell-Video)
[    0.108494] ACPI: Added _OSI(Linux-Lenovo-NV-HDMI-Audio)
[    0.108494] ACPI: Added _OSI(Linux-HPI-Hybrid-Graphics)
[    0.161453] ACPI: 11 ACPI AML tables successfully acquired and loaded
[    0.169920] ACPI: Dynamic OEM Table Load:
[    0.169927] ACPI: SSDT 0xFFFF92E8C138DA00 0001CB (v02 PmRef  Cpu0Psd  00003000 INTL 20180209)
[    0.170536] ACPI: \_SB_.PR00: _OSC native thermal LVT Acked
[    0.172393] ACPI: Dynamic OEM Table Load:
[    0.172397] ACPI: SSDT 0xFFFF92E8C12F0C00 000394 (v02 PmRef  Cpu0Cst  00003001 INTL 20180209)
[    0.173135] ACPI: Dynamic OEM Table Load:
[    0.173139] ACPI: SSDT 0xFFFF92E8C1826800 000581 (v02 PmRef  Cpu0Ist  00003000 INTL 20180209)
[    0.173945] ACPI: Dynamic OEM Table Load:
[    0.173948] ACPI: SSDT 0xFFFF92E8C12F6800 000278 (v02 PmRef  Cpu0Hwp  00003000 INTL 20180209)
[    0.174851] ACPI: Dynamic OEM Table Load:
[    0.174856] ACPI: SSDT 0xFFFF92E8C1861000 0008E7 (v02 PmRef  ApIst    00003000 INTL 20180209)
[    0.175723] ACPI: Dynamic OEM Table Load:
[    0.175726] ACPI: SSDT 0xFFFF92E8C1821000 00048A (v02 PmRef  ApHwp    00003000 INTL 20180209)
[    0.176503] ACPI: Dynamic OEM Table Load:
[    0.176507] ACPI: SSDT 0xFFFF92E8C1824800 0004D4 (v02 PmRef  ApPsd    00003000 INTL 20180209)
[    0.177282] ACPI: Dynamic OEM Table Load:
[    0.177285] ACPI: SSDT 0xFFFF92E8C1821800 00048A (v02 PmRef  ApCst    00003000 INTL 20180209)
[    0.182633] ACPI: EC: EC started
[    0.182633] ACPI: EC: interrupt blocked
[    0.184461] ACPI: EC: EC_CMD/EC_SC=0x934, EC_DATA=0x930
[    0.184462] ACPI: \_SB_.PC00.LPCB.ECDV: Boot DSDT EC used to handle transactions
[    0.184463] ACPI: Interpreter enabled
[    0.184502] ACPI: (supports S0 S3 S4 S5)
[    0.184502] ACPI: Using IOAPIC for interrupt routing
[    0.184533] PCI: Using host bridge windows from ACPI; if necessary, use "pci=nocrs" and report a bug
[    0.186094] ACPI: Enabled 7 GPEs in block 00 to 7F
[    0.196020] ACPI: PM: Power Resource [WRST] (on)
[    0.197895] ACPI: PM: Power Resource [WRST] (on)
[    0.197911] ACPI: PM: Power Resource [DRST] (on)
[    0.202085] ACPI: PM: Power Resource [V0PR] (on)
[    0.202124] ACPI: PM: Power Resource [V1PR] (on)
[    0.202159] ACPI: PM: Power Resource [V2PR] (on)
[    0.202528] acpi ABCD0000:00: ACPI dock station (docks/bays count: 1)
[    0.209077] ACPI: PM: Power Resource [PIN] (off)
[    0.209341] ACPI: PCI Root Bridge [PC00] (domain 0000 [bus 00-fe])
[    0.209345] acpi PNP0A08:00: _OSC: OS supports [ExtendedConfig ASPM ClockPM Segments MSI HPX-Type3]
[    0.209490] acpi PNP0A08:00: _OSC: platform does not support [PCIeHotplug SHPCHotplug PME]
[    0.209627] acpi PNP0A08:00: _OSC: OS now controls [AER PCIeCapability LTR]
[    0.209628] acpi PNP0A08:00: FADT indicates ASPM is unsupported, using BIOS configuration
[    0.212358] PCI host bridge to bus 0000:00
[    0.212359] pci_bus 0000:00: root bus resource [bus 00-fe]
[    0.212360] pci_bus 0000:00: root bus resource [io  0x0000-0x0cf7 window]
[    0.212361] pci_bus 0000:00: root bus resource [io  0x0d00-0xffff window]
[    0.212362] pci_bus 0000:00: root bus resource [mem 0x000a0000-0x000bffff window]
[    0.212363] pci_bus 0000:00: root bus resource [mem 0x70800000-0xdfffffff window]
[    0.212364] pci_bus 0000:00: root bus resource [mem 0x4000000000-0x7fffffffff window]
[    0.212383] pci 0000:00:00.0: [8086:4c53] type 00 class 0x060000
[    0.213370] pci 0000:00:02.0: [8086:4c8b] type 00 class 0x030000
[    0.213378] pci 0000:00:02.0: reg 0x10: [mem 0x6000000000-0x6000ffffff 64bit]
[    0.213383] pci 0000:00:02.0: reg 0x18: [mem 0x4000000000-0x400fffffff 64bit pref]
[    0.213387] pci 0000:00:02.0: reg 0x20: [io  0x4000-0x403f]
[    0.213399] pci 0000:00:02.0: BAR 2: assigned to efifb
[    0.213400] pci 0000:00:02.0: DMAR: Skip IOMMU disabling for graphics
[    0.213402] pci 0000:00:02.0: Video device with shadowed ROM at [mem 0x000c0000-0x000dffff]
[    0.214393] pci 0000:00:14.0: [8086:43ed] type 00 class 0x0c0330
[    0.214410] pci 0000:00:14.0: reg 0x10: [mem 0x6001100000-0x600110ffff 64bit]
[    0.214482] pci 0000:00:14.0: PME# supported from D3hot D3cold
[    0.215525] pci 0000:00:14.2: [8086:43ef] type 00 class 0x050000
[    0.215543] pci 0000:00:14.2: reg 0x10: [mem 0x6001114000-0x6001117fff 64bit]
[    0.215555] pci 0000:00:14.2: reg 0x18: [mem 0x600111b000-0x600111bfff 64bit]
[    0.216527] pci 0000:00:15.0: [8086:43e8] type 00 class 0x0c8000
[    0.216554] pci 0000:00:15.0: reg 0x10: [mem 0x00000000-0x00000fff 64bit]
[    0.217683] pci 0000:00:16.0: [8086:43e0] type 00 class 0x078000
[    0.217704] pci 0000:00:16.0: reg 0x10: [mem 0x6001119000-0x6001119fff 64bit]
[    0.217783] pci 0000:00:16.0: PME# supported from D3hot
[    0.218944] pci 0000:00:17.0: [8086:43d2] type 00 class 0x010601
[    0.218958] pci 0000:00:17.0: reg 0x10: [mem 0x70c00000-0x70c01fff]
[    0.218965] pci 0000:00:17.0: reg 0x14: [mem 0x70c04000-0x70c040ff]
[    0.218973] pci 0000:00:17.0: reg 0x18: [io  0x4080-0x4087]
[    0.218980] pci 0000:00:17.0: reg 0x1c: [io  0x4088-0x408b]
[    0.218987] pci 0000:00:17.0: reg 0x20: [io  0x4060-0x407f]
[    0.218995] pci 0000:00:17.0: reg 0x24: [mem 0x70c03000-0x70c037ff]
[    0.219034] pci 0000:00:17.0: PME# supported from D3hot
[    0.220220] pci 0000:00:1b.0: [8086:43c4] type 01 class 0x060400
[    0.220328] pci 0000:00:1b.0: PME# supported from D0 D3hot D3cold
[    0.220367] pci 0000:00:1b.0: PTM enabled (root), 4ns granularity
[    0.221667] pci 0000:00:1c.0: [8086:43bc] type 01 class 0x060400
[    0.221765] pci 0000:00:1c.0: PME# supported from D0 D3hot D3cold
[    0.221800] pci 0000:00:1c.0: PTM enabled (root), 4ns granularity
[    0.223086] pci 0000:00:1c.7: [8086:43bf] type 01 class 0x060400
[    0.223181] pci 0000:00:1c.7: PME# supported from D0 D3hot D3cold
[    0.223213] pci 0000:00:1c.7: PTM enabled (root), 4ns granularity
[    0.224492] pci 0000:00:1f.0: [8086:4387] type 00 class 0x060100
[    0.225580] pci 0000:00:1f.3: [8086:43c8] type 00 class 0x040300
[    0.225622] pci 0000:00:1f.3: reg 0x10: [mem 0x6001110000-0x6001113fff 64bit]
[    0.225674] pci 0000:00:1f.3: reg 0x20: [mem 0x6001000000-0x60010fffff 64bit]
[    0.225774] pci 0000:00:1f.3: PME# supported from D3hot D3cold
[    0.226948] pci 0000:00:1f.4: [8086:43a3] type 00 class 0x0c0500
[    0.226968] pci 0000:00:1f.4: reg 0x10: [mem 0x6001118000-0x60011180ff 64bit]
[    0.226989] pci 0000:00:1f.4: reg 0x20: [io  0xefa0-0xefbf]
[    0.227988] pci 0000:00:1f.5: [8086:43a4] type 00 class 0x0c8000
[    0.228006] pci 0000:00:1f.5: reg 0x10: [mem 0xfe010000-0xfe010fff]
[    0.229046] pci 0000:01:00.0: [1c5c:174a] type 00 class 0x010802
[    0.229069] pci 0000:01:00.0: reg 0x10: [mem 0x70b00000-0x70b03fff 64bit]
[    0.229079] pci 0000:01:00.0: reg 0x18: [mem 0x70b05000-0x70b05fff]
[    0.229088] pci 0000:01:00.0: reg 0x1c: [mem 0x70b04000-0x70b04fff]
[    0.229360] pci 0000:00:1b.0: PCI bridge to [bus 01]
[    0.229365] pci 0000:00:1b.0:   bridge window [mem 0x70b00000-0x70bfffff]
[    0.229441] pci 0000:02:00.0: [10ec:8168] type 00 class 0x020000
[    0.229462] pci 0000:02:00.0: reg 0x10: [io  0x3000-0x30ff]
[    0.229491] pci 0000:02:00.0: reg 0x18: [mem 0x70a04000-0x70a04fff 64bit]
[    0.229509] pci 0000:02:00.0: reg 0x20: [mem 0x70a00000-0x70a03fff 64bit]
[    0.229624] pci 0000:02:00.0: supports D1 D2
[    0.229625] pci 0000:02:00.0: PME# supported from D0 D1 D2 D3hot D3cold
[    0.229790] pci 0000:00:1c.0: PCI bridge to [bus 02]
[    0.229792] pci 0000:00:1c.0:   bridge window [io  0x3000-0x3fff]
[    0.229795] pci 0000:00:1c.0:   bridge window [mem 0x70a00000-0x70afffff]
[    0.230220] pci 0000:03:00.0: [168c:0042] type 00 class 0x028000
[    0.230448] pci 0000:03:00.0: reg 0x10: [mem 0x70800000-0x709fffff 64bit]
[    0.231907] pci 0000:03:00.0: PME# supported from D0 D3hot D3cold
[    0.233331] pci 0000:00:1c.7: PCI bridge to [bus 03]
[    0.233336] pci 0000:00:1c.7:   bridge window [mem 0x70800000-0x709fffff]
[    0.244854] acpi LNXPOWER:02: Turning OFF
[    0.244860] acpi LNXPOWER:01: Turning OFF
[    0.244865] acpi LNXPOWER:00: Turning OFF
[    0.244891] ACPI: EC: interrupt unblocked
[    0.244892] ACPI: EC: event unblocked
[    0.244898] ACPI: EC: EC_CMD/EC_SC=0x934, EC_DATA=0x930
[    0.244898] ACPI: EC: GPE=0x6e
[    0.244899] ACPI: \_SB_.PC00.LPCB.ECDV: Boot DSDT EC initialization complete
[    0.244900] ACPI: \_SB_.PC00.LPCB.ECDV: EC: Used to handle transactions and events
[    0.244938] iommu: Default domain type: Translated 
[    0.244938] SCSI subsystem initialized
[    0.244938] libata version 3.00 loaded.
[    0.244938] pci 0000:00:02.0: vgaarb: setting as boot VGA device
[    0.244938] pci 0000:00:02.0: vgaarb: VGA device added: decodes=io+mem,owns=io+mem,locks=none
[    0.244938] pci 0000:00:02.0: vgaarb: bridge control possible
[    0.244938] vgaarb: loaded
[    0.244938] ACPI: bus type USB registered
[    0.244938] usbcore: registered new interface driver usbfs
[    0.244938] usbcore: registered new interface driver hub
[    0.244938] usbcore: registered new device driver usb
[    0.244938] pps_core: LinuxPPS API ver. 1 registered
[    0.244938] pps_core: Software ver. 5.3.6 - Copyright 2005-2007 Rodolfo Giometti <giometti@linux.it>
[    0.244938] PTP clock support registered
[    0.244938] EDAC MC: Ver: 3.0.0
[    0.244938] Registered efivars operations
[    0.244938] NetLabel: Initializing
[    0.244938] NetLabel:  domain hash size = 128
[    0.244938] NetLabel:  protocols = UNLABELED CIPSOv4 CALIPSO
[    0.244938] NetLabel:  unlabeled traffic allowed by default
[    0.244938] PCI: Using ACPI for IRQ routing
[    0.268196] PCI: pci_cache_line_size set to 64 bytes
[    0.268412] pci 0000:00:1f.5: can't claim BAR 0 [mem 0xfe010000-0xfe010fff]: no compatible bridge window
[    0.268623] e820: reserve RAM buffer [mem 0x0009f000-0x0009ffff]
[    0.268624] e820: reserve RAM buffer [mem 0x5a725000-0x5bffffff]
[    0.268625] e820: reserve RAM buffer [mem 0x5aa7f000-0x5bffffff]
[    0.268625] e820: reserve RAM buffer [mem 0x5f572000-0x5fffffff]
[    0.268626] e820: reserve RAM buffer [mem 0x48f800000-0x48fffffff]
[    0.268628] clocksource: Switched to clocksource tsc-early
[    0.272691] VFS: Disk quotas dquot_6.6.0
[    0.272699] VFS: Dquot-cache hash table entries: 512 (order 0, 4096 bytes)
[    0.272757] AppArmor: AppArmor Filesystem Enabled
[    0.272777] pnp: PnP ACPI init
[    0.272940] system 00:00: [io  0x0680-0x069f] has been reserved
[    0.272941] system 00:00: [io  0x164e-0x164f] has been reserved
[    0.272945] system 00:00: Plug and Play ACPI device, IDs PNP0c02 (active)
[    0.272956] pnp 00:01: Plug and Play ACPI device, IDs PNP0b00 (active)
[    0.273023] system 00:02: [io  0x1854-0x1857] has been reserved
[    0.273025] system 00:02: Plug and Play ACPI device, IDs INT3f0d PNP0c02 (active)
[    0.274057] system 00:03: [mem 0xfed10000-0xfed17fff] has been reserved
[    0.274058] system 00:03: [mem 0xfeda0000-0xfeda0fff] has been reserved
[    0.274059] system 00:03: [mem 0xfeda1000-0xfeda1fff] has been reserved
[    0.274059] system 00:03: [mem 0xe0000000-0xefffffff] has been reserved
[    0.274060] system 00:03: [mem 0xfed20000-0xfed7ffff] could not be reserved
[    0.274061] system 00:03: [mem 0xfed90000-0xfed93fff] could not be reserved
[    0.274062] system 00:03: [mem 0xfed45000-0xfed8ffff] could not be reserved
[    0.274063] system 00:03: [mem 0xfee00000-0xfeefffff] has been reserved
[    0.274065] system 00:03: Plug and Play ACPI device, IDs PNP0c02 (active)
[    0.274585] system 00:04: [io  0x1800-0x18fe] could not be reserved
[    0.274586] system 00:04: [mem 0xfe000000-0xfe01ffff] has been reserved
[    0.274587] system 00:04: [mem 0xfe04c000-0xfe04ffff] has been reserved
[    0.274588] system 00:04: [mem 0xfe050000-0xfe0affff] has been reserved
[    0.274588] system 00:04: [mem 0xfe0d0000-0xfe0fffff] has been reserved
[    0.274589] system 00:04: [mem 0xfe200000-0xfe7fffff] has been reserved
[    0.274590] system 00:04: [mem 0xff000000-0xffffffff] has been reserved
[    0.274591] system 00:04: [mem 0xfd000000-0xfd68ffff] has been reserved
[    0.274591] system 00:04: [mem 0xfd6c0000-0xfd6cffff] has been reserved
[    0.274592] system 00:04: [mem 0xfd6f0000-0xfdffffff] has been reserved
[    0.274594] system 00:04: Plug and Play ACPI device, IDs PNP0c02 (active)
[    0.274819] system 00:05: [io  0x2000-0x20fe] has been reserved
[    0.274822] system 00:05: Plug and Play ACPI device, IDs PNP0c02 (active)
[    0.274992] system 00:06: [mem 0xfd6e0000-0xfd6effff] has been reserved
[    0.274993] system 00:06: [mem 0xfd6d0000-0xfd6dffff] has been reserved
[    0.274993] system 00:06: [mem 0xfd6b0000-0xfd6bffff] has been reserved
[    0.274994] system 00:06: [mem 0xfd6a0000-0xfd6affff] has been reserved
[    0.274995] system 00:06: [mem 0xfd690000-0xfd69ffff] has been reserved
[    0.274997] system 00:06: Plug and Play ACPI device, IDs PNP0c02 (active)
[    0.275289] system 00:07: Plug and Play ACPI device, IDs PNP0c02 (active)
[    0.276940] pnp: PnP ACPI: found 8 devices
[    0.282054] clocksource: acpi_pm: mask: 0xffffff max_cycles: 0xffffff, max_idle_ns: 2085701024 ns
[    0.282083] NET: Registered protocol family 2
[    0.282224] IP idents hash table entries: 262144 (order: 9, 2097152 bytes, linear)
[    0.283252] tcp_listen_portaddr_hash hash table entries: 8192 (order: 5, 131072 bytes, linear)
[    0.283328] TCP established hash table entries: 131072 (order: 8, 1048576 bytes, linear)
[    0.283454] TCP bind hash table entries: 65536 (order: 8, 1048576 bytes, linear)
[    0.283499] TCP: Hash tables configured (established 131072 bind 65536)
[    0.283554] MPTCP token hash table entries: 16384 (order: 6, 393216 bytes, linear)
[    0.283587] UDP hash table entries: 8192 (order: 6, 262144 bytes, linear)
[    0.283615] UDP-Lite hash table entries: 8192 (order: 6, 262144 bytes, linear)
[    0.283645] NET: Registered protocol family 1
[    0.283649] NET: Registered protocol family 44
[    0.283655] pci 0000:00:15.0: BAR 0: assigned [mem 0x4010000000-0x4010000fff 64bit]
[    0.283758] pci 0000:00:1f.5: BAR 0: assigned [mem 0x70c02000-0x70c02fff]
[    0.283769] pci 0000:00:1b.0: PCI bridge to [bus 01]
[    0.283772] pci 0000:00:1b.0:   bridge window [mem 0x70b00000-0x70bfffff]
[    0.283779] pci 0000:00:1c.0: PCI bridge to [bus 02]
[    0.283780] pci 0000:00:1c.0:   bridge window [io  0x3000-0x3fff]
[    0.283784] pci 0000:00:1c.0:   bridge window [mem 0x70a00000-0x70afffff]
[    0.283790] pci 0000:00:1c.7: PCI bridge to [bus 03]
[    0.283793] pci 0000:00:1c.7:   bridge window [mem 0x70800000-0x709fffff]
[    0.283799] pci_bus 0000:00: resource 4 [io  0x0000-0x0cf7 window]
[    0.283800] pci_bus 0000:00: resource 5 [io  0x0d00-0xffff window]
[    0.283801] pci_bus 0000:00: resource 6 [mem 0x000a0000-0x000bffff window]
[    0.283802] pci_bus 0000:00: resource 7 [mem 0x70800000-0xdfffffff window]
[    0.283802] pci_bus 0000:00: resource 8 [mem 0x4000000000-0x7fffffffff window]
[    0.283803] pci_bus 0000:01: resource 1 [mem 0x70b00000-0x70bfffff]
[    0.283804] pci_bus 0000:02: resource 0 [io  0x3000-0x3fff]
[    0.283804] pci_bus 0000:02: resource 1 [mem 0x70a00000-0x70afffff]
[    0.283805] pci_bus 0000:03: resource 1 [mem 0x70800000-0x709fffff]
[    0.284313] PCI: CLS 0 bytes, default 64
[    0.284328] PCI-DMA: Using software bounce buffering for IO (SWIOTLB)
[    0.284329] software IO TLB: mapped [mem 0x000000005185a000-0x000000005585a000] (64MB)
[    0.284352] Trying to unpack rootfs image as initramfs...
[    0.291892] clocksource: tsc: mask: 0xffffffffffffffff max_cycles: 0x255cb6cc5db, max_idle_ns: 440795203504 ns
[    0.291908] clocksource: Switched to clocksource tsc
[    0.292199] Initialise system trusted keyrings
[    0.292206] Key type blacklist registered
[    0.292224] workingset: timestamp_bits=36 max_order=22 bucket_order=0
[    0.292780] zbud: loaded
[    0.292925] squashfs: version 4.0 (2009/01/31) Phillip Lougher
[    0.292991] fuse: init (API version 7.34)
[    0.293070] integrity: Platform Keyring initialized
[    0.299189] Key type asymmetric registered
[    0.299190] Asymmetric key parser 'x509' registered
[    0.299196] Block layer SCSI generic (bsg) driver version 0.4 loaded (major 243)
[    0.299221] io scheduler mq-deadline registered
[    0.299673] pcieport 0000:00:1b.0: AER: enabled with IRQ 122
[    0.299713] pcieport 0000:00:1b.0: DPC: enabled with IRQ 122
[    0.299713] pcieport 0000:00:1b.0: DPC: error containment capabilities: Int Msg #0, RPExt+ PoisonedTLP+ SwTrigger+ RP PIO Log 4, DL_ActiveErr+
[    0.299972] pcieport 0000:00:1c.0: AER: enabled with IRQ 123
[    0.299998] pcieport 0000:00:1c.0: DPC: enabled with IRQ 123
[    0.299999] pcieport 0000:00:1c.0: DPC: error containment capabilities: Int Msg #0, RPExt+ PoisonedTLP+ SwTrigger+ RP PIO Log 4, DL_ActiveErr+
[    0.300226] pcieport 0000:00:1c.7: AER: enabled with IRQ 124
[    0.300254] pcieport 0000:00:1c.7: DPC: enabled with IRQ 124
[    0.300255] pcieport 0000:00:1c.7: DPC: error containment capabilities: Int Msg #0, RPExt+ PoisonedTLP+ SwTrigger+ RP PIO Log 4, DL_ActiveErr+
[    0.300332] shpchp: Standard Hot Plug PCI Controller Driver version: 0.4
[    0.300362] efifb: probing for efifb
[    0.300372] efifb: showing boot graphics
[    0.301698] efifb: framebuffer at 0x4000000000, using 8100k, total 8100k
[    0.301699] efifb: mode is 1920x1080x32, linelength=7680, pages=1
[    0.301700] efifb: scrolling: redraw
[    0.301700] efifb: Truecolor: size=8:8:8:8, shift=24:16:8:0
[    0.301727] fbcon: Deferring console take-over
[    0.301727] fb0: EFI VGA frame buffer device
[    0.301909] Monitor-Mwait will be used to enter C-1 state
[    0.301912] Monitor-Mwait will be used to enter C-2 state
[    0.301913] Monitor-Mwait will be used to enter C-3 state
[    0.301914] ACPI: \_SB_.PR00: Found 3 idle states
[    0.302309] input: Power Button as /devices/LNXSYSTM:00/LNXSYBUS:00/PNP0C0C:00/input/input0
[    0.302333] ACPI: button: Power Button [PBTN]
[    0.302351] input: Sleep Button as /devices/LNXSYSTM:00/LNXSYBUS:00/PNP0C0E:00/input/input1
[    0.302360] ACPI: button: Sleep Button [SBTN]
[    0.302375] input: Power Button as /devices/LNXSYSTM:00/LNXPWRBN:00/input/input2
[    0.302388] ACPI: button: Power Button [PWRF]
[    0.302543] smpboot: Estimated ratio of average max frequency by base frequency (times 1024): 1693
[    0.316841] Serial: 8250/16550 driver, 32 ports, IRQ sharing enabled
[    0.317742] hpet_acpi_add: no address or irqs in _CRS
[    0.317765] Linux agpgart interface v0.103
[    0.475752] Freeing initrd memory: 42416K
[    0.503818] loop: module loaded
[    0.504121] tun: Universal TUN/TAP device driver, 1.6
[    0.504203] PPP generic driver version 2.4.2
[    0.504365] VFIO - User Level meta-driver version: 0.3
[    0.504511] ehci_hcd: USB 2.0 'Enhanced' Host Controller (EHCI) Driver
[    0.504514] ehci-pci: EHCI PCI platform driver
[    0.504522] ehci-platform: EHCI generic platform driver
[    0.504526] ohci_hcd: USB 1.1 'Open' Host Controller (OHCI) Driver
[    0.504527] ohci-pci: OHCI PCI platform driver
[    0.504529] ohci-platform: OHCI generic platform driver
[    0.504532] uhci_hcd: USB Universal Host Controller Interface driver
[    0.504552] i8042: PNP: No PS/2 controller found.
[    0.504591] mousedev: PS/2 mouse device common for all mice
[    0.504658] rtc_cmos 00:01: RTC can wake from S4
[    0.505420] rtc_cmos 00:01: registered as rtc0
[    0.505660] rtc_cmos 00:01: setting system clock to 2024-01-18T01:24:22 UTC (1705541062)
[    0.505673] rtc_cmos 00:01: alarms up to one month, y3k, 242 bytes nvram
[    0.505677] i2c /dev entries driver
[    0.506082] device-mapper: uevent: version 1.0.3
[    0.506111] device-mapper: ioctl: 4.45.0-ioctl (2021-03-22) initialised: dm-devel@redhat.com
[    0.506121] platform eisa.0: Probing EISA bus 0
[    0.506122] platform eisa.0: EISA: Cannot allocate resource for mainboard
[    0.506123] platform eisa.0: Cannot allocate resource for EISA slot 1
[    0.506124] platform eisa.0: Cannot allocate resource for EISA slot 2
[    0.506125] platform eisa.0: Cannot allocate resource for EISA slot 3
[    0.506125] platform eisa.0: Cannot allocate resource for EISA slot 4
[    0.506126] platform eisa.0: Cannot allocate resource for EISA slot 5
[    0.506127] platform eisa.0: Cannot allocate resource for EISA slot 6
[    0.506127] platform eisa.0: Cannot allocate resource for EISA slot 7
[    0.506128] platform eisa.0: Cannot allocate resource for EISA slot 8
[    0.506129] platform eisa.0: EISA: Detected 0 cards
[    0.506131] intel_pstate: Intel P-state driver initializing
[    0.506765] intel_pstate: HWP enabled
[    0.506818] ledtrig-cpu: registered to indicate activity on CPUs
[    0.506820] EFI Variables Facility v0.08 2004-May-17
[    0.509781] intel_pmc_core INT33A1:00:  initialized
[    0.509843] drop_monitor: Initializing network drop monitor service
[    0.509929] NET: Registered protocol family 10
[    0.513236] Segment Routing with IPv6
[    0.513246] NET: Registered protocol family 17
[    0.513299] Key type dns_resolver registered
[    0.513988] IPI shorthand broadcast: enabled
[    0.513994] sched_clock: Marking stable (507979139, 5978140)->(525748908, -11791629)
[    0.514179] registered taskstats version 1
[    0.514186] Loading compiled-in X.509 certificates
[    0.514543] Loaded X.509 cert 'Build time autogenerated kernel key: 3c72149fc25aaf9a75d2d8a16bdbe250c7aa26c0'
[    0.514851] Loaded X.509 cert 'Canonical Ltd. Live Patch Signing: 14df34d1a87cf37625abec039ef2bf521249b969'
[    0.515156] Loaded X.509 cert 'Canonical Ltd. Kernel Module Signing: 88f752e560a1e0737e31163a466ad7b70a850c19'
[    0.515156] blacklist: Loading compiled-in revocation X.509 certificates
[    0.515165] Loaded X.509 cert 'Canonical Ltd. Secure Boot Signing: 61482aa2830d0ab2ad5af10b7250da9033ddcef0'
[    0.515389] zswap: loaded using pool lzo/zbud
[    0.515464] Key type ._fscrypt registered
[    0.515465] Key type .fscrypt registered
[    0.515466] Key type fscrypt-provisioning registered
[    0.515569] Key type trusted registered
[    0.516915] Key type encrypted registered
[    0.516918] AppArmor: AppArmor sha1 policy hashing enabled
[    0.516947] integrity: Loading X.509 certificate: UEFI:db
[    0.516959] integrity: Loaded X.509 cert 'Dell Inc.: Dell Bios DB Key: 637fa7a9f74471b406de0511557071fd41dd5487'
[    0.516960] integrity: Loading X.509 certificate: UEFI:db
[    0.516967] integrity: Loaded X.509 cert 'Dell Inc.: Dell Bios FW Aux Authority 2018: dd4df7c3f5ce7e5a77847915abc37b031f6b10bd'
[    0.516967] integrity: Loading X.509 certificate: UEFI:db
[    0.516979] integrity: Loaded X.509 cert 'Microsoft Windows Production PCA 2011: a92902398e16c49778cd90f99e4f9ae17c55af53'
[    0.516979] integrity: Loading X.509 certificate: UEFI:db
[    0.516988] integrity: Loaded X.509 cert 'Microsoft Corporation UEFI CA 2011: 13adbf4309bd82709c8cd54f316ed522988a1bd4'
[    0.516998] integrity: Revoking X.509 certificate: UEFI:dbx
[    0.517007] blacklist: Revoked X.509 cert 'Microsoft Windows PCA 2010: d14fa98a0708cef4241898e500fff3d6791d37bc'
[    0.517181] integrity: Loading X.509 certificate: UEFI:MokListRT (MOKvar table)
[    0.517358] integrity: Loaded X.509 cert 'Canonical Ltd. Master Certificate Authority: ad91990bc22ab1f517048c23b6655a268e345a63'
[    0.517361] Loading compiled-in module X.509 certificates
[    0.517667] Loaded X.509 cert 'Build time autogenerated kernel key: 3c72149fc25aaf9a75d2d8a16bdbe250c7aa26c0'
[    0.517668] ima: Allocated hash algorithm: sha1
[    0.550402] ima: No architecture policies found
[    0.550416] evm: Initialising EVM extended attributes:
[    0.550417] evm: security.selinux
[    0.550418] evm: security.SMACK64
[    0.550419] evm: security.SMACK64EXEC
[    0.550420] evm: security.SMACK64TRANSMUTE
[    0.550421] evm: security.SMACK64MMAP
[    0.550422] evm: security.apparmor
[    0.550423] evm: security.ima
[    0.550423] evm: security.capability
[    0.550425] evm: HMAC attrs: 0x1
[    0.550880] PM:   Magic number: 8:797:407
[    0.551165] RAS: Correctable Errors collector initialized.
[    0.559642] Freeing unused decrypted memory: 2036K
[    0.559946] Freeing unused kernel image (initmem) memory: 2892K
[    0.595707] Write protecting the kernel read-only data: 30720k
[    0.596676] Freeing unused kernel image (text/rodata gap) memory: 2036K
[    0.597245] Freeing unused kernel image (rodata/data gap) memory: 1768K
[    0.616153] x86/mm: Checked W+X mappings: passed, no W+X pages found.
[    0.616157] Run /init as init process
[    0.616158]   with arguments:
[    0.616159]     /init
[    0.616160]     splash
[    0.616161]     dis_ucode_ldr
[    0.616161]   with environment:
[    0.616162]     HOME=/
[    0.616162]     TERM=linux
[    0.616163]     BOOT_IMAGE=/boot/vmlinuz-5.13.0-52-generic
[    0.668459] acpi PNP0C14:01: duplicate WMI GUID 05901221-D566-11D1-B2F0-00A0C9062910 (first instance was on PNP0C14:00)
[    0.668875] ahci 0000:00:17.0: version 3.0
[    0.669455] nvme nvme0: pci function 0000:01:00.0
[    0.669538] xhci_hcd 0000:00:14.0: xHCI Host Controller
[    0.669545] xhci_hcd 0000:00:14.0: new USB bus registered, assigned bus number 1
[    0.669647] r8169 0000:02:00.0: can't disable ASPM; OS doesn't have ASPM control
[    0.670544] ahci 0000:00:17.0: AHCI 0001.0301 32 slots 6 ports 6 Gbps 0x9 impl SATA mode
[    0.670547] ahci 0000:00:17.0: flags: 64bit ncq sntf pm clo only pio slum part ems deso sadm sds 
[    0.670837] xhci_hcd 0000:00:14.0: hcc params 0x20007fc1 hci version 0x120 quirks 0x0000000000009810
[    0.671299] xhci_hcd 0000:00:14.0: xHCI Host Controller
[    0.671303] xhci_hcd 0000:00:14.0: new USB bus registered, assigned bus number 2
[    0.671306] xhci_hcd 0000:00:14.0: Host supports USB 3.2 Enhanced SuperSpeed
[    0.671334] wmi_bus wmi_bus-PNP0C14:02: WQBC data block query control method not found
[    0.671336] acpi PNP0C14:02: duplicate WMI GUID 05901221-D566-11D1-B2F0-00A0C9062910 (first instance was on PNP0C14:00)
[    0.671336] usb usb1: New USB device found, idVendor=1d6b, idProduct=0002, bcdDevice= 5.13
[    0.671339] usb usb1: New USB device strings: Mfr=3, Product=2, SerialNumber=1
[    0.671340] usb usb1: Product: xHCI Host Controller
[    0.671341] usb usb1: Manufacturer: Linux 5.13.0-52-generic xhci-hcd
[    0.671342] usb usb1: SerialNumber: 0000:00:14.0
[    0.671610] hub 1-0:1.0: USB hub found
[    0.671635] hub 1-0:1.0: 16 ports detected
[    0.677487] acpi PNP0C14:03: duplicate WMI GUID 05901221-D566-11D1-B2F0-00A0C9062910 (first instance was on PNP0C14:00)
[    0.679912] usb usb2: New USB device found, idVendor=1d6b, idProduct=0003, bcdDevice= 5.13
[    0.679914] usb usb2: New USB device strings: Mfr=3, Product=2, SerialNumber=1
[    0.679915] usb usb2: Product: xHCI Host Controller
[    0.679916] usb usb2: Manufacturer: Linux 5.13.0-52-generic xhci-hcd
[    0.679916] usb usb2: SerialNumber: 0000:00:14.0
[    0.679995] hub 2-0:1.0: USB hub found
[    0.680010] hub 2-0:1.0: 6 ports detected
[    0.680723] acpi PNP0C14:04: duplicate WMI GUID 05901221-D566-11D1-B2F0-00A0C9062910 (first instance was on PNP0C14:00)
[    0.680811] usb: port power management may be unreliable
[    0.680886] acpi PNP0C14:05: duplicate WMI GUID 05901221-D566-11D1-B2F0-00A0C9062910 (first instance was on PNP0C14:00)
[    0.681106] acpi PNP0C14:06: duplicate WMI GUID 05901221-D566-11D1-B2F0-00A0C9062910 (first instance was on PNP0C14:00)
[    0.681427] scsi host0: ahci
[    0.681511] scsi host1: ahci
[    0.681577] scsi host2: ahci
[    0.681634] scsi host3: ahci
[    0.681692] scsi host4: ahci
[    0.681737] scsi host5: ahci
[    0.681769] ata1: SATA max UDMA/133 abar m2048@0x70c03000 port 0x70c03100 irq 125
[    0.681770] ata2: DUMMY
[    0.681771] ata3: DUMMY
[    0.681772] ata4: SATA max UDMA/133 abar m2048@0x70c03000 port 0x70c03280 irq 125
[    0.681773] ata5: DUMMY
[    0.681773] ata6: DUMMY
[    0.687714] intel-lpss 0000:00:15.0: enabling device (0000 -> 0002)
[    0.688039] idma64 idma64.0: Found Intel integrated DMA 64-bit
[    0.688899] r8169 0000:02:00.0 eth0: RTL8168h/8111h, d0:8e:79:0f:d2:1a, XID 541, IRQ 128
[    0.688902] r8169 0000:02:00.0 eth0: jumbo features [frames: 9194 bytes, tx checksumming: ko]
[    0.747737] nvme nvme0: 12/0/0 default/read/poll queues
[    0.753515]  nvme0n1: p1 p2
[    0.994765] ata1: SATA link up 6.0 Gbps (SStatus 133 SControl 300)
[    0.995847] ata1.00: ATA-8: ST1000DM010-2EP102, 1001, max UDMA/133
[    0.995853] ata1.00: 1953525168 sectors, multi 0: LBA48 NCQ (depth 32), AA
[    0.997004] ata1.00: configured for UDMA/133
[    0.997354] scsi 0:0:0:0: Direct-Access     ATA      ST1000DM010-2EP1 1001 PQ: 0 ANSI: 5
[    0.997830] sd 0:0:0:0: Attached scsi generic sg0 type 0
[    0.997914] sd 0:0:0:0: [sda] 1953525168 512-byte logical blocks: (1.00 TB/932 GiB)
[    0.997921] sd 0:0:0:0: [sda] 4096-byte physical blocks
[    0.997991] sd 0:0:0:0: [sda] Write Protect is off
[    0.997999] sd 0:0:0:0: [sda] Mode Sense: 00 3a 00 00
[    0.998059] sd 0:0:0:0: [sda] Write cache: enabled, read cache: enabled, doesn't support DPO or FUA
[    0.998221] ata4: SATA link down (SStatus 4 SControl 300)
[    1.019685] usb 1-3: new full-speed USB device number 2 using xhci_hcd
[    1.076037] sd 0:0:0:0: [sda] Attached SCSI disk
[    1.084055] i801_smbus 0000:00:1f.4: enabling device (0000 -> 0003)
[    1.084646] i801_smbus 0000:00:1f.4: SPD Write Disable is set
[    1.084734] i801_smbus 0000:00:1f.4: SMBus using PCI interrupt
[    1.085253] r8169 0000:02:00.0 enp2s0: renamed from eth0
[    1.097068] i2c i2c-1: 1/2 memory slots populated (from DMI)
[    1.097610] i2c i2c-1: Successfully instantiated SPD at 0x50
[    1.300624] usb 1-3: New USB device found, idVendor=0d8c, idProduct=0242, bcdDevice=99.06
[    1.300633] usb 1-3: New USB device strings: Mfr=1, Product=2, SerialNumber=0
[    1.300637] usb 1-3: Product: Cmedia Audio
[    1.300639] usb 1-3: Manufacturer: C-Media Electronics Inc.
[    1.427806] usb 1-4: new full-speed USB device number 3 using xhci_hcd
[    1.710767] usb 1-4: New USB device found, idVendor=0d8c, idProduct=0244, bcdDevice=99.06
[    1.710776] usb 1-4: New USB device strings: Mfr=1, Product=2, SerialNumber=0
[    1.710780] usb 1-4: Product: Cmedia Audio
[    1.710783] usb 1-4: Manufacturer: C-Media Electronics Inc.
[    1.839754] usb 1-9: new low-speed USB device number 4 using xhci_hcd
[    1.999135] usb 1-9: New USB device found, idVendor=413c, idProduct=2113, bcdDevice=33.09
[    1.999145] usb 1-9: New USB device strings: Mfr=0, Product=2, SerialNumber=0
[    1.999148] usb 1-9: Product: Dell KB216 Wired Keyboard
[    2.127758] usb 1-14: new full-speed USB device number 5 using xhci_hcd
[    2.277983] usb 1-14: New USB device found, idVendor=0cf3, idProduct=e009, bcdDevice= 0.01
[    2.277993] usb 1-14: New USB device strings: Mfr=0, Product=0, SerialNumber=0
[    2.291040] hid: raw HID events driver (C) Jiri Kosina
[    2.306759] usbcore: registered new interface driver usbhid
[    2.306764] usbhid: USB HID core driver
[    2.310956] input: C-Media Electronics Inc. Cmedia Audio as /devices/pci0000:00/0000:00:14.0/usb1/1-3/1-3:1.3/0003:0D8C:0242.0001/input/input3
[    2.367920] hid-generic 0003:0D8C:0242.0001: input,hidraw0: USB HID v1.11 Device [C-Media Electronics Inc. Cmedia Audio] on usb-0000:00:14.0-3/input3
[    2.368092] input: C-Media Electronics Inc. Cmedia Audio as /devices/pci0000:00/0000:00:14.0/usb1/1-4/1-4:1.2/0003:0D8C:0244.0002/input/input4
[    2.428004] hid-generic 0003:0D8C:0244.0002: input,hidraw1: USB HID v1.11 Device [C-Media Electronics Inc. Cmedia Audio] on usb-0000:00:14.0-4/input2
[    2.428316] input: Dell KB216 Wired Keyboard as /devices/pci0000:00/0000:00:14.0/usb1/1-9/1-9:1.0/0003:413C:2113.0003/input/input5
[    2.488207] hid-generic 0003:413C:2113.0003: input,hidraw2: USB HID v1.11 Keyboard [Dell KB216 Wired Keyboard] on usb-0000:00:14.0-9/input0
[    2.488525] input: Dell KB216 Wired Keyboard System Control as /devices/pci0000:00/0000:00:14.0/usb1/1-9/1-9:1.1/0003:413C:2113.0004/input/input6
[    2.548111] input: Dell KB216 Wired Keyboard Consumer Control as /devices/pci0000:00/0000:00:14.0/usb1/1-9/1-9:1.1/0003:413C:2113.0004/input/input7
[    2.548688] hid-generic 0003:413C:2113.0004: input,hiddev0,hidraw3: USB HID v1.11 Device [Dell KB216 Wired Keyboard] on usb-0000:00:14.0-9/input1
[    2.620829] fbcon: Taking over console
[    2.620924] Console: switching to colour frame buffer device 240x67
[    2.629369] EXT4-fs (nvme0n1p2): mounted filesystem with ordered data mode. Opts: (null). Quota mode: none.
[    2.730398] systemd[1]: Inserted module 'autofs4'
[    2.748347] systemd[1]: systemd 248.3-1ubuntu8.2 running in system mode. (+PAM +AUDIT +SELINUX +APPARMOR +IMA +SMACK +SECCOMP +GCRYPT +GNUTLS -OPENSSL +ACL +BLKID +CURL +ELFUTILS -FIDO2 +IDN2 -IDN +IPTC +KMOD +LIBCRYPTSETUP -LIBFDISK +PCRE2 -PWQUALITY -P11KIT -QRENCODE +BZIP2 +LZ4 +XZ +ZLIB +ZSTD -XKBCOMMON +UTMP +SYSVINIT default-hierarchy=unified)
[    2.768116] systemd[1]: Detected architecture x86-64.
[    2.768576] systemd[1]: Hostname set to <ubuntu>.
[    2.876096] systemd[1]: Queued start job for default target Graphical Interface.
[    2.901871] systemd[1]: Created slice system-modprobe.slice.
[    2.902499] systemd[1]: Created slice system-systemd\x2dfsck.slice.
[    2.902966] systemd[1]: Created slice User and Session Slice.
[    2.903093] systemd[1]: Started Forward Password Requests to Wall Directory Watch.
[    2.903372] systemd[1]: Set up automount Arbitrary Executable File Formats File System Automount Point.
[    2.903485] systemd[1]: Reached target User and Group Name Lookups.
[    2.903515] systemd[1]: Reached target Remote File Systems.
[    2.903536] systemd[1]: Reached target Slices.
[    2.903586] systemd[1]: Reached target Local Verity Integrity Protected Volumes.
[    2.903837] systemd[1]: Listening on Syslog Socket.
[    2.903980] systemd[1]: Listening on fsck to fsckd communication Socket.
[    2.904063] systemd[1]: Listening on initctl Compatibility Named Pipe.
[    2.904338] systemd[1]: Listening on Journal Audit Socket.
[    2.904464] systemd[1]: Listening on Journal Socket (/dev/log).
[    2.904609] systemd[1]: Listening on Journal Socket.
[    2.904792] systemd[1]: Listening on udev Control Socket.
[    2.904918] systemd[1]: Listening on udev Kernel Socket.
[    2.906192] systemd[1]: Mounting Huge Pages File System...
[    2.906837] systemd[1]: Mounting POSIX Message Queue File System...
[    2.907234] systemd[1]: Mounting Kernel Debug File System...
[    2.907606] systemd[1]: Mounting Kernel Trace File System...
[    2.908600] systemd[1]: Starting Journal Service...
[    2.909245] systemd[1]: Starting Set the console keyboard layout...
[    2.909687] systemd[1]: Starting Create list of static device nodes for the current kernel...
[    2.910041] systemd[1]: Starting Load Kernel Module configfs...
[    2.910381] systemd[1]: Starting Load Kernel Module drm...
[    2.910748] systemd[1]: Starting Load Kernel Module fuse...
[    2.911144] systemd[1]: Condition check resulted in Set Up Additional Binary Formats being skipped.
[    2.911163] systemd[1]: Condition check resulted in File System Check on Root Device being skipped.
[    2.912356] systemd[1]: Starting Load Kernel Modules...
[    2.912737] systemd[1]: Starting Remount Root and Kernel File Systems...
[    2.913112] systemd[1]: Starting Coldplug All udev Devices...
[    2.913859] systemd[1]: Starting Uncomplicated firewall...
[    2.915654] systemd[1]: Mounted Huge Pages File System.
[    2.915750] systemd[1]: Mounted POSIX Message Queue File System.
[    2.915804] systemd[1]: Mounted Kernel Debug File System.
[    2.915844] systemd[1]: Mounted Kernel Trace File System.
[    2.916033] systemd[1]: Finished Create list of static device nodes for the current kernel.
[    2.916218] systemd[1]: modprobe@configfs.service: Deactivated successfully.
[    2.916330] systemd[1]: Finished Load Kernel Module configfs.
[    2.916463] systemd[1]: modprobe@fuse.service: Deactivated successfully.
[    2.916566] systemd[1]: Finished Load Kernel Module fuse.
[    2.916647] EXT4-fs (nvme0n1p2): re-mounted. Opts: errors=remount-ro. Quota mode: none.
[    2.916752] systemd[1]: Finished Uncomplicated firewall.
[    2.917325] systemd[1]: Finished Remount Root and Kernel File Systems.
[    2.917882] systemd[1]: Activating swap /swapfile...
[    2.918489] systemd[1]: Mounting FUSE Control File System...
[    2.919110] systemd[1]: Mounting Kernel Configuration File System...
[    2.919448] systemd[1]: Condition check resulted in Rebuild Hardware Database being skipped.
[    2.919472] systemd[1]: Condition check resulted in Platform Persistent Storage Archival being skipped.
[    2.919940] systemd[1]: Starting Load/Save Random Seed...
[    2.920477] systemd[1]: Starting Create System Users...
[    2.921202] systemd[1]: modprobe@drm.service: Deactivated successfully.
[    2.921321] systemd[1]: Finished Load Kernel Module drm.
[    2.921392] systemd[1]: Mounted FUSE Control File System.
[    2.921429] systemd[1]: Mounted Kernel Configuration File System.
[    2.921548] lp: driver loaded but no devices found
[    2.923368] ppdev: user-space parallel port driver
[    2.925237] systemd[1]: Finished Load/Save Random Seed.
[    2.925289] systemd[1]: Condition check resulted in First Boot Complete being skipped.
[    2.927033] systemd[1]: Finished Create System Users.
[    2.927508] systemd[1]: Starting Create Static Device Nodes in /dev...
[    2.928475] IPMI message handler: version 39.2
[    2.929203] ipmi device interface
[    2.929980] systemd[1]: Started Journal Service.
[    2.932399] systemd-journald[359]: Received client request to flush runtime journal.
[    2.947167] loop0: detected capacity change from 0 to 8
[    2.951709] Adding 2097148k swap on /swapfile.  Priority:-2 extents:6 across:2260988k SSFS
[    2.975856] loop1: detected capacity change from 0 to 126632
[    2.975960] loop2: detected capacity change from 0 to 111048
[    3.015874] loop3: detected capacity change from 0 to 203424
[    3.042507] mei_me 0000:00:16.0: enabling device (0000 -> 0002)
[    3.059780] loop4: detected capacity change from 0 to 133552
[    3.093767] ee1004 1-0050: 512 byte EE1004-compliant SPD EEPROM, read-only
[    3.095043] pstore: Using crash dump compression: deflate
[    3.095054] pstore: Registered efi as persistent store backend
[    3.095566] dcdbas dcdbas: Dell Systems Management Base Driver (version 5.6.0-3.4)
[    3.096944] cryptd: max_cpu_qlen set to 1000
[    3.099602] input: Dell WMI hotkeys as /devices/platform/PNP0C14:02/wmi_bus/wmi_bus-PNP0C14:02/9DBB5994-A997-11DA-B012-B622A1EF5492/input/input8
[    3.103493] mc: Linux media interface: v0.10
[    3.106139] AVX2 version of gcm_enc/dec engaged.
[    3.106165] AES CTR mode by8 optimization enabled
[    3.111417] Bluetooth: Core ver 2.22
[    3.111434] NET: Registered protocol family 31
[    3.111436] Bluetooth: HCI device and connection manager initialized
[    3.111440] Bluetooth: HCI socket layer initialized
[    3.111443] Bluetooth: L2CAP socket layer initialized
[    3.111445] Bluetooth: SCO socket layer initialized
[    3.111818] cfg80211: Loading compiled-in X.509 certificates for regulatory database
[    3.111984] cfg80211: Loaded X.509 cert 'sforshee: 00b28ddf47aef9cea7'
[    3.115100] loop5: detected capacity change from 0 to 496320
[    3.155119] loop6: detected capacity change from 0 to 307976
[    3.159462] usbcore: registered new interface driver btusb
[    3.165454] Bluetooth: hci0: using rampatch file: qca/rampatch_usb_00000302.bin
[    3.165460] Bluetooth: hci0: QCA: patch rome 0x302 build 0x3e8, firmware rome 0x302 build 0x111
[    3.175874] dell_smm_hwmon: unable to get SMM Dell signature
[    3.179980] snd_hda_intel 0000:00:1f.3: enabling device (0000 -> 0002)
[    3.182502] checking generic (4000000000 7e9000) vs hw (6000000000 1000000)
[    3.182505] checking generic (4000000000 7e9000) vs hw (4000000000 10000000)
[    3.182506] fb0: switching to inteldrmfb from EFI VGA
[    3.182561] Console: switching to colour dummy device 80x25
[    3.182585] i915 0000:00:02.0: vgaarb: deactivate vga console
[    3.206357] i915 0000:00:02.0: vgaarb: changed VGA decodes: olddecodes=io+mem,decodes=io+mem:owns=io+mem
[    3.208726] i915 0000:00:02.0: [drm] Finished loading DMC firmware i915/rkl_dmc_ver2_02.bin (v2.2)
[    3.233139] [drm] Initialized i915 1.6.0 20201103 for 0000:00:02.0 on minor 0
[    3.236785] ACPI: video: Video Device [GFX0] (multi-head: yes  rom: no  post: no)
[    3.244634] mei_hdcp 0000:00:16.0-b638ab7e-94e2-4ea2-a552-d1c54b627f04: bound 0000:00:02.0 (ops i915_hdcp_component_ops [i915])
[    3.245531] ath10k_pci 0000:03:00.0: enabling device (0000 -> 0002)
[    3.245923] intel_rapl_common: Found RAPL domain package
[    3.245925] intel_rapl_common: Found RAPL domain core
[    3.245926] intel_rapl_common: Found RAPL domain uncore
[    3.248296] ath10k_pci 0000:03:00.0: pci irq msi oper_irq_mode 2 irq_mode 0 reset_mode 0
[    3.249399] input: Video Bus as /devices/LNXSYSTM:00/LNXSYBUS:00/PNP0A08:00/LNXVIDEO:00/input/input9
[    3.249657] snd_hda_intel 0000:00:1f.3: bound 0000:00:02.0 (ops i915_audio_component_bind_ops [i915])
[    3.291086] fbcon: i915drmfb (fb0) is primary device
[    3.291116] Console: switching to colour frame buffer device 240x67
[    3.291128] i915 0000:00:02.0: [drm] fb0: i915drmfb frame buffer device
[    3.305126] usbcore: registered new interface driver snd-usb-audio
[    3.424245] pcieport 0000:00:1c.7: AER: Multiple Corrected error received: 0000:00:1c.7
[    3.424253] pcieport 0000:00:1c.7: PCIe Bus Error: severity=Corrected, type=Physical Layer, (Receiver ID)
[    3.424271] pcieport 0000:00:1c.7:   device [8086:43bf] error status/mask=00000001/00002000
[    3.424272] pcieport 0000:00:1c.7:    [ 0] RxErr                 
[    3.424277] pcieport 0000:00:1c.7: AER: Multiple Corrected error received: 0000:00:1c.7
[    3.424287] pcieport 0000:00:1c.7: AER: can't find device of ID00e7
[    3.424287] pcieport 0000:00:1c.7: AER: Multiple Corrected error received: 0000:00:1c.7
[    3.424297] pcieport 0000:00:1c.7: PCIe Bus Error: severity=Corrected, type=Physical Layer, (Transmitter ID)
[    3.424298] pcieport 0000:00:1c.7:   device [8086:43bf] error status/mask=00001001/00002000
[    3.424298] pcieport 0000:00:1c.7:    [ 0] RxErr                 
[    3.424299] pcieport 0000:00:1c.7:    [12] Timeout               
[    3.424304] pcieport 0000:00:1c.7: AER: Multiple Corrected error received: 0000:00:1c.7
[    3.424309] pcieport 0000:00:1c.7: AER: can't find device of ID00e7
[    3.424309] pcieport 0000:00:1c.7: AER: Multiple Corrected error received: 0000:00:1c.7
[    3.424314] pcieport 0000:00:1c.7: AER: can't find device of ID00e7
[    3.424315] pcieport 0000:00:1c.7: AER: Multiple Corrected error received: 0000:00:1c.7
[    3.424319] pcieport 0000:00:1c.7: AER: can't find device of ID00e7
[    3.424320] pcieport 0000:00:1c.7: AER: Corrected error received: 0000:00:1c.7
[    3.424324] pcieport 0000:00:1c.7: AER: can't find device of ID00e7
[    3.424325] pcieport 0000:00:1c.7: AER: Corrected error received: 0000:00:1c.7
[    3.424330] pcieport 0000:00:1c.7: AER: can't find device of ID00e7
[    3.531038] Bluetooth: hci0: using NVM file: qca/nvm_usb_00000302.bin
[    3.537333] ath10k_pci 0000:03:00.0: qca9377 hw1.1 target 0x05020001 chip_id 0x003821ff sub 1028:1810
[    3.537335] ath10k_pci 0000:03:00.0: kconfig debug 0 debugfs 1 tracing 1 dfs 0 testmode 0
[    3.537677] ath10k_pci 0000:03:00.0: firmware ver WLAN.TF.2.1-00021-QCARMSWP-1 api 6 features wowlan,ignore-otp crc32 42e41877
[    3.576523] EXT4-fs (sda): mounted filesystem with ordered data mode. Opts: (null). Quota mode: none.
[    3.597704] audit: type=1400 audit(1705541065.588:2): apparmor="STATUS" operation="profile_load" profile="unconfined" name="libreoffice-senddoc" pid=650 comm="apparmor_parser"
[    3.597725] audit: type=1400 audit(1705541065.588:3): apparmor="STATUS" operation="profile_load" profile="unconfined" name="libreoffice-xpdfimport" pid=652 comm="apparmor_parser"
[    3.598001] audit: type=1400 audit(1705541065.588:4): apparmor="STATUS" operation="profile_load" profile="unconfined" name="lsb_release" pid=643 comm="apparmor_parser"
[    3.598725] audit: type=1400 audit(1705541065.588:5): apparmor="STATUS" operation="profile_load" profile="unconfined" name="libreoffice-oosplash" pid=649 comm="apparmor_parser"
[    3.598821] audit: type=1400 audit(1705541065.588:6): apparmor="STATUS" operation="profile_load" profile="unconfined" name="nvidia_modprobe" pid=644 comm="apparmor_parser"
[    3.598824] audit: type=1400 audit(1705541065.588:7): apparmor="STATUS" operation="profile_load" profile="unconfined" name="nvidia_modprobe//kmod" pid=644 comm="apparmor_parser"
[    3.599169] audit: type=1400 audit(1705541065.588:8): apparmor="STATUS" operation="profile_load" profile="unconfined" name="/usr/bin/man" pid=647 comm="apparmor_parser"
[    3.599171] audit: type=1400 audit(1705541065.588:9): apparmor="STATUS" operation="profile_load" profile="unconfined" name="man_filter" pid=647 comm="apparmor_parser"
[    3.599176] audit: type=1400 audit(1705541065.588:10): apparmor="STATUS" operation="profile_load" profile="unconfined" name="man_groff" pid=647 comm="apparmor_parser"
[    3.602551] ath10k_pci 0000:03:00.0: board_file api 2 bmi_id N/A crc32 8aedfa4a
[    3.685145] input: HDA Intel PCH HDMI/DP,pcm=3 as /devices/pci0000:00/0000:00:1f.3/sound/card0/input10
[    3.685185] input: HDA Intel PCH HDMI/DP,pcm=7 as /devices/pci0000:00/0000:00:1f.3/sound/card0/input11
[    3.685222] input: HDA Intel PCH HDMI/DP,pcm=8 as /devices/pci0000:00/0000:00:1f.3/sound/card0/input12
[    3.685254] input: HDA Intel PCH HDMI/DP,pcm=9 as /devices/pci0000:00/0000:00:1f.3/sound/card0/input13
[    3.685286] input: HDA Intel PCH HDMI/DP,pcm=10 as /devices/pci0000:00/0000:00:1f.3/sound/card0/input14
[    3.685317] input: HDA Intel PCH HDMI/DP,pcm=11 as /devices/pci0000:00/0000:00:1f.3/sound/card0/input15
[    3.685348] input: HDA Intel PCH HDMI/DP,pcm=12 as /devices/pci0000:00/0000:00:1f.3/sound/card0/input16
[    3.685380] input: HDA Intel PCH HDMI/DP,pcm=13 as /devices/pci0000:00/0000:00:1f.3/sound/card0/input17
[    3.685407] input: HDA Intel PCH HDMI/DP,pcm=14 as /devices/pci0000:00/0000:00:1f.3/sound/card0/input18
[    3.685436] input: HDA Intel PCH HDMI/DP,pcm=15 as /devices/pci0000:00/0000:00:1f.3/sound/card0/input19
[    3.685467] input: HDA Intel PCH HDMI/DP,pcm=16 as /devices/pci0000:00/0000:00:1f.3/sound/card0/input20
[    3.685492] input: HDA Intel PCH HDMI/DP,pcm=17 as /devices/pci0000:00/0000:00:1f.3/sound/card0/input21
[    3.802432] Bluetooth: BNEP (Ethernet Emulation) ver 1.3
[    3.802436] Bluetooth: BNEP filters: protocol multicast
[    3.802440] Bluetooth: BNEP socket layer initialized
[    3.819058] ath10k_pci 0000:03:00.0: htt-ver 3.56 wmi-op 4 htt-op 3 cal otp max-sta 32 raw 0 hwcrypto 1
[    3.897628] loop7: detected capacity change from 0 to 8
[    3.913674] ath: EEPROM regdomain: 0x6c
[    3.913677] ath: EEPROM indicates we should expect a direct regpair map
[    3.913678] ath: Country alpha2 being used: 00
[    3.913678] ath: Regpair used: 0x6c
[    3.915708] Generic FE-GE Realtek PHY r8169-0-200:00: attached PHY driver (mii_bus:phy_addr=r8169-0-200:00, irq=MAC)
[    4.089794] NET: Registered protocol family 38
[    4.120732] r8169 0000:02:00.0 enp2s0: Link is Down
[    4.124585] ath10k_pci 0000:03:00.0 wlp3s0: renamed from wlan0
[    4.163287] pcieport 0000:00:1c.7: AER: Multiple Corrected error received: 0000:00:1c.7
[    4.163304] pcieport 0000:00:1c.7: PCIe Bus Error: severity=Corrected, type=Physical Layer, (Transmitter ID)
[    4.163306] pcieport 0000:00:1c.7:   device [8086:43bf] error status/mask=00001081/00002000
[    4.163308] pcieport 0000:00:1c.7:    [ 0] RxErr                 
[    4.163309] pcieport 0000:00:1c.7:    [ 7] BadDLLP               
[    4.163310] pcieport 0000:00:1c.7:    [12] Timeout               
[    4.201507] pcieport 0000:00:1c.7: AER: Multiple Corrected error received: 0000:00:1c.7
[    4.201518] pcieport 0000:00:1c.7: PCIe Bus Error: severity=Corrected, type=Physical Layer, (Receiver ID)
[    4.201519] pcieport 0000:00:1c.7:   device [8086:43bf] error status/mask=00000001/00002000
[    4.201520] pcieport 0000:00:1c.7:    [ 0] RxErr                 
[    4.201526] pcieport 0000:00:1c.7: AER: Multiple Corrected error received: 0000:00:1c.7
[    4.201531] pcieport 0000:00:1c.7: AER: can't find device of ID00e7
[    4.201531] pcieport 0000:00:1c.7: AER: Multiple Corrected error received: 0000:00:1c.7
[    4.201536] pcieport 0000:00:1c.7: AER: can't find device of ID00e7
[    4.201537] pcieport 0000:00:1c.7: AER: Multiple Corrected error received: 0000:00:1c.7
[    4.201572] pcieport 0000:00:1c.7: AER: can't find device of ID00e7
[    4.201572] pcieport 0000:00:1c.7: AER: Multiple Corrected error received: 0000:00:1c.7
[    4.201579] pcieport 0000:00:1c.7: PCIe Bus Error: severity=Corrected, type=Physical Layer, (Transmitter ID)
[    4.201579] pcieport 0000:00:1c.7:   device [8086:43bf] error status/mask=00001181/00002000
[    4.201580] pcieport 0000:00:1c.7:    [ 0] RxErr                 
[    4.201581] pcieport 0000:00:1c.7:    [ 7] BadDLLP               
[    4.201581] pcieport 0000:00:1c.7:    [ 8] Rollover              
[    4.201582] pcieport 0000:00:1c.7:    [12] Timeout               
[    4.201587] pcieport 0000:00:1c.7: AER: Multiple Corrected error received: 0000:00:1c.7
[    4.201592] pcieport 0000:00:1c.7: AER: can't find device of ID00e7
[    5.871206] rfkill: input handler disabled
[    8.207144] r8169 0000:02:00.0 enp2s0: Link is Up - 100Mbps/Full - flow control off
[    8.207156] IPv6: ADDRCONF(NETDEV_CHANGE): enp2s0: link becomes ready
[   12.444514] Bluetooth: RFCOMM TTY layer initialized
[   12.444520] Bluetooth: RFCOMM socket layer initialized
[   12.444523] Bluetooth: RFCOMM ver 1.11
[   12.672259] rfkill: input handler enabled
[   14.374013] rfkill: input handler disabled
[   14.425698] kauditd_printk_skb: 31 callbacks suppressed
[   14.425701] audit: type=1400 audit(1705541076.416:42): apparmor="DENIED" operation="capable" profile="/usr/lib/snapd/snap-confine" pid=2090 comm="snap-confine" capability=12  capname="net_admin"
[   14.425705] audit: type=1400 audit(1705541076.416:43): apparmor="DENIED" operation="capable" profile="/usr/lib/snapd/snap-confine" pid=2090 comm="snap-confine" capability=38  capname="perfmon"
[   14.440157] audit: type=1400 audit(1705541076.432:44): apparmor="DENIED" operation="capable" profile="/usr/lib/snapd/snap-confine" pid=2090 comm="snap-confine" capability=4  capname="fsetid"
[   14.523234] audit: type=1400 audit(1705541076.512:45): apparmor="DENIED" operation="capable" profile="/usr/sbin/cups-browsed" pid=2209 comm="cups-browsed" capability=23  capname="sys_nice"
[   14.626060] audit: type=1400 audit(1705541076.616:46): apparmor="STATUS" operation="profile_load" profile="unconfined" name="docker-default" pid=2299 comm="apparmor_parser"
[   14.661348] bridge: filtering via arp/ip/ip6tables is no longer available by default. Update your scripts to load br_netfilter if you need this.
[   14.662410] Bridge firewalling registered
[   14.766326] Initializing XFRM netlink socket
[   15.434888] audit: type=1326 audit(1705541077.424:47): auid=1000 uid=1000 gid=1000 ses=3 subj=snap.snap-store.ubuntu-software pid=2090 comm="snap-store" exe="/snap/snap-store/557/usr/bin/snap-store" sig=0 arch=c000003e syscall=314 compat=0 ip=0x7f626b23789d code=0x50000
[   16.365198] audit: type=1107 audit(1705541078.356:48): pid=745 uid=103 auid=4294967295 ses=4294967295 subj=unconfined msg='apparmor="DENIED" operation="dbus_method_call"  bus="system" path="/org/freedesktop/PolicyKit1/Authority" interface="org.freedesktop.DBus.Properties" member="GetAll" mask="send" name=":1.8" pid=2090 label="snap.snap-store.ubuntu-software" peer_pid=767 peer_label="unconfined"
                exe="/usr/bin/dbus-daemon" sauid=103 hostname=? addr=? terminal=?'
[   16.365316] audit: type=1107 audit(1705541078.356:49): pid=745 uid=103 auid=4294967295 ses=4294967295 subj=unconfined msg='apparmor="DENIED" operation="dbus_method_call"  bus="system" path="/org/freedesktop/PolicyKit1/Authority" interface="org.freedesktop.PolicyKit1.Authority" member="CheckAuthorization" mask="send" name=":1.8" pid=2090 label="snap.snap-store.ubuntu-software" peer_pid=767 peer_label="unconfined"
                exe="/usr/bin/dbus-daemon" sauid=103 hostname=? addr=? terminal=?'
[   16.376501] audit: type=1107 audit(1705541078.368:50): pid=745 uid=103 auid=4294967295 ses=4294967295 subj=unconfined msg='apparmor="DENIED" operation="dbus_method_call"  bus="system" path="/org/freedesktop/PolicyKit1/Authority" interface="org.freedesktop.DBus.Properties" member="GetAll" mask="send" name=":1.8" pid=2090 label="snap.snap-store.ubuntu-software" peer_pid=767 peer_label="unconfined"
                exe="/usr/bin/dbus-daemon" sauid=103 hostname=? addr=? terminal=?'
[   16.376615] audit: type=1107 audit(1705541078.368:51): pid=745 uid=103 auid=4294967295 ses=4294967295 subj=unconfined msg='apparmor="DENIED" operation="dbus_method_call"  bus="system" path="/org/freedesktop/PolicyKit1/Authority" interface="org.freedesktop.PolicyKit1.Authority" member="CheckAuthorization" mask="send" name=":1.8" pid=2090 label="snap.snap-store.ubuntu-software" peer_pid=767 peer_label="unconfined"
                exe="/usr/bin/dbus-daemon" sauid=103 hostname=? addr=? terminal=?'
[43215.015358] kauditd_printk_skb: 1 callbacks suppressed
[43215.015362] audit: type=1400 audit(1705584277.005:53): apparmor="DENIED" operation="open" profile="/usr/sbin/cupsd" name="/proc/sys/kernel/osrelease" pid=874 comm="cupsd" requested_mask="r" denied_mask="r" fsuid=0 ouid=0
[43215.015441] audit: type=1400 audit(1705584277.005:54): apparmor="DENIED" operation="open" profile="/usr/sbin/cupsd" name="/proc/1/environ" pid=874 comm="cupsd" requested_mask="r" denied_mask="r" fsuid=0 ouid=0
[43215.015447] audit: type=1400 audit(1705584277.005:55): apparmor="DENIED" operation="open" profile="/usr/sbin/cupsd" name="/proc/cmdline" pid=874 comm="cupsd" requested_mask="r" denied_mask="r" fsuid=0 ouid=0
[52548.969181] audit: type=1400 audit(1705593610.954:56): apparmor="DENIED" operation="capable" profile="/usr/sbin/cupsd" pid=22794 comm="cupsd" capability=12  capname="net_admin"
[52549.024522] audit: type=1400 audit(1705593611.010:57): apparmor="DENIED" operation="capable" profile="/usr/sbin/cups-browsed" pid=22795 comm="cups-browsed" capability=23  capname="sys_nice"
[95749.110774] audit: type=1400 audit(1705636811.095:58): apparmor="DENIED" operation="open" profile="/usr/sbin/cupsd" name="/proc/sys/kernel/osrelease" pid=22794 comm="cupsd" requested_mask="r" denied_mask="r" fsuid=0 ouid=0
[95749.110831] audit: type=1400 audit(1705636811.095:59): apparmor="DENIED" operation="open" profile="/usr/sbin/cupsd" name="/proc/1/environ" pid=22794 comm="cupsd" requested_mask="r" denied_mask="r" fsuid=0 ouid=0
[95749.110911] audit: type=1400 audit(1705636811.095:60): apparmor="DENIED" operation="open" profile="/usr/sbin/cupsd" name="/proc/cmdline" pid=22794 comm="cupsd" requested_mask="r" denied_mask="r" fsuid=0 ouid=0
[138949.195036] audit: type=1400 audit(1705680011.177:61): apparmor="DENIED" operation="capable" profile="/usr/sbin/cupsd" pid=55540 comm="cupsd" capability=12  capname="net_admin"
[138949.249857] audit: type=1400 audit(1705680011.233:62): apparmor="DENIED" operation="capable" profile="/usr/sbin/cups-browsed" pid=55541 comm="cups-browsed" capability=23  capname="sys_nice"
[182149.043613] audit: type=1400 audit(1705723211.023:63): apparmor="DENIED" operation="open" profile="/usr/sbin/cupsd" name="/proc/sys/kernel/osrelease" pid=55540 comm="cupsd" requested_mask="r" denied_mask="r" fsuid=0 ouid=0
[182149.043729] audit: type=1400 audit(1705723211.023:64): apparmor="DENIED" operation="open" profile="/usr/sbin/cupsd" name="/proc/1/environ" pid=55540 comm="cupsd" requested_mask="r" denied_mask="r" fsuid=0 ouid=0
[182149.043754] audit: type=1400 audit(1705723211.023:65): apparmor="DENIED" operation="open" profile="/usr/sbin/cupsd" name="/proc/cmdline" pid=55540 comm="cupsd" requested_mask="r" denied_mask="r" fsuid=0 ouid=0
[212090.536205] perf: interrupt took too long (2507 > 2500), lowering kernel.perf_event_max_sample_rate to 79750
[225349.185826] audit: type=1400 audit(1705766411.165:66): apparmor="DENIED" operation="capable" profile="/usr/sbin/cupsd" pid=87505 comm="cupsd" capability=12  capname="net_admin"
[225349.239440] audit: type=1400 audit(1705766411.217:67): apparmor="DENIED" operation="capable" profile="/usr/sbin/cups-browsed" pid=87507 comm="cups-browsed" capability=23  capname="sys_nice"
[268549.089190] audit: type=1400 audit(1705809611.063:68): apparmor="DENIED" operation="open" profile="/usr/sbin/cupsd" name="/proc/sys/kernel/osrelease" pid=87505 comm="cupsd" requested_mask="r" denied_mask="r" fsuid=0 ouid=0
[268549.089260] audit: type=1400 audit(1705809611.063:69): apparmor="DENIED" operation="open" profile="/usr/sbin/cupsd" name="/proc/1/environ" pid=87505 comm="cupsd" requested_mask="r" denied_mask="r" fsuid=0 ouid=0
[268549.089323] audit: type=1400 audit(1705809611.063:70): apparmor="DENIED" operation="open" profile="/usr/sbin/cupsd" name="/proc/cmdline" pid=87505 comm="cupsd" requested_mask="r" denied_mask="r" fsuid=0 ouid=0
[299322.057212] perf: interrupt took too long (3136 > 3133), lowering kernel.perf_event_max_sample_rate to 63750
[354947.128525] audit: type=1400 audit(1705896009.098:71): apparmor="DENIED" operation="open" profile="/usr/sbin/cupsd" name="/proc/sys/kernel/osrelease" pid=118615 comm="cupsd" requested_mask="r" denied_mask="r" fsuid=0 ouid=0
[354947.128646] audit: type=1400 audit(1705896009.098:72): apparmor="DENIED" operation="open" profile="/usr/sbin/cupsd" name="/proc/1/environ" pid=118615 comm="cupsd" requested_mask="r" denied_mask="r" fsuid=0 ouid=0
[354947.128669] audit: type=1400 audit(1705896009.098:73): apparmor="DENIED" operation="open" profile="/usr/sbin/cupsd" name="/proc/cmdline" pid=118615 comm="cupsd" requested_mask="r" denied_mask="r" fsuid=0 ouid=0
[441347.111468] audit: type=1400 audit(1705982409.074:74): apparmor="DENIED" operation="open" profile="/usr/sbin/cupsd" name="/proc/sys/kernel/osrelease" pid=153872 comm="cupsd" requested_mask="r" denied_mask="r" fsuid=0 ouid=0
[441347.111538] audit: type=1400 audit(1705982409.074:75): apparmor="DENIED" operation="open" profile="/usr/sbin/cupsd" name="/proc/1/environ" pid=153872 comm="cupsd" requested_mask="r" denied_mask="r" fsuid=0 ouid=0
[441347.111607] audit: type=1400 audit(1705982409.074:76): apparmor="DENIED" operation="open" profile="/usr/sbin/cupsd" name="/proc/cmdline" pid=153872 comm="cupsd" requested_mask="r" denied_mask="r" fsuid=0 ouid=0
[484547.177262] audit: type=1400 audit(1706025609.139:77): apparmor="DENIED" operation="capable" profile="/usr/sbin/cupsd" pid=188023 comm="cupsd" capability=12  capname="net_admin"
[484547.235924] audit: type=1400 audit(1706025609.199:78): apparmor="DENIED" operation="capable" profile="/usr/sbin/cups-browsed" pid=188024 comm="cups-browsed" capability=23  capname="sys_nice"
[527747.074746] audit: type=1400 audit(1706068809.037:79): apparmor="DENIED" operation="open" profile="/usr/sbin/cupsd" name="/proc/sys/kernel/osrelease" pid=188023 comm="cupsd" requested_mask="r" denied_mask="r" fsuid=0 ouid=0
[527747.074815] audit: type=1400 audit(1706068809.037:80): apparmor="DENIED" operation="open" profile="/usr/sbin/cupsd" name="/proc/1/environ" pid=188023 comm="cupsd" requested_mask="r" denied_mask="r" fsuid=0 ouid=0
[527747.074880] audit: type=1400 audit(1706068809.037:81): apparmor="DENIED" operation="open" profile="/usr/sbin/cupsd" name="/proc/cmdline" pid=188023 comm="cupsd" requested_mask="r" denied_mask="r" fsuid=0 ouid=0
[570946.961467] audit: type=1400 audit(1706112008.919:82): apparmor="DENIED" operation="capable" profile="/usr/sbin/cupsd" pid=222193 comm="cupsd" capability=12  capname="net_admin"
[614147.151783] audit: type=1400 audit(1706155209.109:83): apparmor="DENIED" operation="open" profile="/usr/sbin/cupsd" name="/proc/sys/kernel/osrelease" pid=222193 comm="cupsd" requested_mask="r" denied_mask="r" fsuid=0 ouid=0
[614147.151901] audit: type=1400 audit(1706155209.109:84): apparmor="DENIED" operation="open" profile="/usr/sbin/cupsd" name="/proc/1/environ" pid=222193 comm="cupsd" requested_mask="r" denied_mask="r" fsuid=0 ouid=0
[614147.151913] audit: type=1400 audit(1706155209.109:85): apparmor="DENIED" operation="open" profile="/usr/sbin/cupsd" name="/proc/cmdline" pid=222193 comm="cupsd" requested_mask="r" denied_mask="r" fsuid=0 ouid=0
[648016.778564] perf: interrupt took too long (3931 > 3920), lowering kernel.perf_event_max_sample_rate to 50750
[700547.078540] audit: type=1400 audit(1706241609.028:86): apparmor="DENIED" operation="open" profile="/usr/sbin/cupsd" name="/proc/sys/kernel/osrelease" pid=257001 comm="cupsd" requested_mask="r" denied_mask="r" fsuid=0 ouid=0
[700547.078713] audit: type=1400 audit(1706241609.032:87): apparmor="DENIED" operation="open" profile="/usr/sbin/cupsd" name="/proc/1/environ" pid=257001 comm="cupsd" requested_mask="r" denied_mask="r" fsuid=0 ouid=0
[700547.078725] audit: type=1400 audit(1706241609.032:88): apparmor="DENIED" operation="open" profile="/usr/sbin/cupsd" name="/proc/cmdline" pid=257001 comm="cupsd" requested_mask="r" denied_mask="r" fsuid=0 ouid=0
[743747.153731] audit: type=1400 audit(1706284809.102:89): apparmor="DENIED" operation="capable" profile="/usr/sbin/cupsd" pid=290410 comm="cupsd" capability=12  capname="net_admin"
[743747.207956] audit: type=1400 audit(1706284809.154:90): apparmor="DENIED" operation="capable" profile="/usr/sbin/cups-browsed" pid=290411 comm="cups-browsed" capability=23  capname="sys_nice"
[786947.150904] audit: type=1400 audit(1706328009.096:91): apparmor="DENIED" operation="open" profile="/usr/sbin/cupsd" name="/proc/sys/kernel/osrelease" pid=290410 comm="cupsd" requested_mask="r" denied_mask="r" fsuid=0 ouid=0
[786947.150966] audit: type=1400 audit(1706328009.096:92): apparmor="DENIED" operation="open" profile="/usr/sbin/cupsd" name="/proc/1/environ" pid=290410 comm="cupsd" requested_mask="r" denied_mask="r" fsuid=0 ouid=0
[786947.151030] audit: type=1400 audit(1706328009.096:93): apparmor="DENIED" operation="open" profile="/usr/sbin/cupsd" name="/proc/cmdline" pid=290410 comm="cupsd" requested_mask="r" denied_mask="r" fsuid=0 ouid=0
[830147.282607] audit: type=1400 audit(1706371209.226:94): apparmor="DENIED" operation="capable" profile="/usr/sbin/cups-browsed" pid=324302 comm="cups-browsed" capability=23  capname="sys_nice"
[873347.102090] audit: type=1400 audit(1706414409.043:95): apparmor="DENIED" operation="open" profile="/usr/sbin/cupsd" name="/proc/sys/kernel/osrelease" pid=324300 comm="cupsd" requested_mask="r" denied_mask="r" fsuid=0 ouid=0
[873347.102204] audit: type=1400 audit(1706414409.043:96): apparmor="DENIED" operation="open" profile="/usr/sbin/cupsd" name="/proc/1/environ" pid=324300 comm="cupsd" requested_mask="r" denied_mask="r" fsuid=0 ouid=0
[873347.102216] audit: type=1400 audit(1706414409.043:97): apparmor="DENIED" operation="open" profile="/usr/sbin/cupsd" name="/proc/cmdline" pid=324300 comm="cupsd" requested_mask="r" denied_mask="r" fsuid=0 ouid=0
[916547.216947] audit: type=1400 audit(1706457609.157:98): apparmor="DENIED" operation="capable" profile="/usr/sbin/cups-browsed" pid=357123 comm="cups-browsed" capability=23  capname="sys_nice"
[959747.162354] audit: type=1400 audit(1706500809.099:99): apparmor="DENIED" operation="open" profile="/usr/sbin/cupsd" name="/proc/sys/kernel/osrelease" pid=357122 comm="cupsd" requested_mask="r" denied_mask="r" fsuid=0 ouid=0
[959747.162472] audit: type=1400 audit(1706500809.099:100): apparmor="DENIED" operation="open" profile="/usr/sbin/cupsd" name="/proc/1/environ" pid=357122 comm="cupsd" requested_mask="r" denied_mask="r" fsuid=0 ouid=0
[959747.162484] audit: type=1400 audit(1706500809.099:101): apparmor="DENIED" operation="open" profile="/usr/sbin/cupsd" name="/proc/cmdline" pid=357122 comm="cupsd" requested_mask="r" denied_mask="r" fsuid=0 ouid=0
[1002947.147358] audit: type=1400 audit(1706544009.081:102): apparmor="DENIED" operation="capable" profile="/usr/sbin/cupsd" pid=392843 comm="cupsd" capability=12  capname="net_admin"
[1002947.200385] audit: type=1400 audit(1706544009.137:103): apparmor="DENIED" operation="capable" profile="/usr/sbin/cups-browsed" pid=392844 comm="cups-browsed" capability=23  capname="sys_nice"
[1046147.092747] audit: type=1400 audit(1706587209.023:104): apparmor="DENIED" operation="open" profile="/usr/sbin/cupsd" name="/proc/sys/kernel/osrelease" pid=392843 comm="cupsd" requested_mask="r" denied_mask="r" fsuid=0 ouid=0
[1046147.092819] audit: type=1400 audit(1706587209.023:105): apparmor="DENIED" operation="open" profile="/usr/sbin/cupsd" name="/proc/1/environ" pid=392843 comm="cupsd" requested_mask="r" denied_mask="r" fsuid=0 ouid=0
[1046147.092880] audit: type=1400 audit(1706587209.023:106): apparmor="DENIED" operation="open" profile="/usr/sbin/cupsd" name="/proc/cmdline" pid=392843 comm="cupsd" requested_mask="r" denied_mask="r" fsuid=0 ouid=0
[1089347.238891] audit: type=1400 audit(1706630409.168:107): apparmor="DENIED" operation="capable" profile="/usr/sbin/cupsd" pid=428942 comm="cupsd" capability=12  capname="net_admin"
[1132547.113180] audit: type=1400 audit(1706673609.038:108): apparmor="DENIED" operation="open" profile="/usr/sbin/cupsd" name="/proc/sys/kernel/osrelease" pid=428942 comm="cupsd" requested_mask="r" denied_mask="r" fsuid=0 ouid=0
